1.0 {
    global:   
        "*RegisterCommonBuilder*";
        "*DeregisterCommonBuilder*";
        "*BuildFilter*";
   extern "C++" {
        "OHOS::Wifi::ExternalWifiCommonBuildManager::BuildScore(const TagType &, NetworkSelection::CompositeWifiScorer &)";
        "OHOS::Wifi::ExternalWifiCommonBuildManager::ExternalWifiCommonBuildManager(const ExternalWifiCommonBuildManager &)";
        "OHOS::Wifi::ExternalWifiCommonBuildManager::GetInstance()";
        "OHOS::Wifi::ExternalWifiFilterBuildManager::GetInstance()";
        "OHOS::Wifi::ExternalWifiFilterBuildManager::RegisterFilterBuilder(OHOS::Wifi::FilterTag const&, std::__h::basic_string<char, std::__h::char_traits<char>, std::__h::allocator<char>> const&, std::__h::function<void (OHOS::Wifi::NetworkSelection::CompositeWifiFilter&)> const&)";
        "OHOS::Wifi::ExternalWifiFilterBuildManager::DeregisterFilterBuilder(OHOS::Wifi::FilterTag const&, std::__h::basic_string<char, std::__h::char_traits<char>, std::__h::allocator<char>> const&)";
        "OHOS::Wifi::NetworkSelectionManager::NetworkSelectionManager()";
        "OHOS::Wifi::NetworkSelectionManager::SelectNetwork(OHOS::Wifi::NetworkSelectionResult&, OHOS::Wifi::NetworkSelectType, std::__h::vector<OHOS::Wifi::InterScanInfo, std::__h::allocator<OHOS::Wifi::InterScanInfo>> const&)";
   };
    local:
        *;
};