1.0 {
    global:
        "*UnloadService*";
        "*CheckAndEnforceService*";
        "*WifiPermissionUtils*";
   extern "C++" {
        OHOS::Wifi::WifiAuthCenter::IsSystemAccess*;
        OHOS::Wifi::WifiAuthCenter::IsNativeProcess*;
        "OHOS::Wifi::WifiScanConfig::GetScanDeviceInfo()";
        "OHOS::Wifi::WifiScanConfig::SetScanInitiatorUid(int)";
        "OHOS::Wifi::AppNetworkSpeedLimitService::ReceiveNetworkControlInfo(OHOS::Wifi::WifiNetworkControlInfo const&)";
        "OHOS::Wifi::WifiStaHalInterface::GetInstance()";
        "OHOS::Wifi::WifiStaHalInterface::SetTxPower(int)";
        "OHOS::Wifi::WifiStaHalInterface::SetDpiMarkRule(std::__h::basic_string<char, std::__h::char_traits<char>, std::__h::allocator<char>> const&, int, int, int)";
        "OHOS::Wifi::WifiConfigCenter::GetInstance()";
        "OHOS::Wifi::WifiConfigCenter::Init()";
        "OHOS::Wifi::WifiConfigCenter::SetWifiSelfcureReset(bool)";
        "OHOS::Wifi::WifiConfigCenter::GetWifiSelfcureReset() const";
        "OHOS::Wifi::WifiConfigCenter::SetWifiSelfcureResetEntered(bool)";
        "OHOS::Wifi::WifiConfigCenter::GetWifiSelfcureResetEntered() const";
        "OHOS::Wifi::WifiConfigCenter::SetLastNetworkId(int)";
        "OHOS::Wifi::WifiConfigCenter::GetLastNetworkId() const";
        "OHOS::Wifi::WifiConfigCenter::SetSelectedCandidateNetworkId(int)";
        "OHOS::Wifi::WifiConfigCenter::GetSelectedCandidateNetworkId() const";
        "OHOS::Wifi::WifiConfigCenter::SetWifiAllowSemiActive(bool)";
        "OHOS::Wifi::WifiConfigCenter::GetWifiScanConfig()";
        "OHOS::Wifi::WifiConfigCenter::GetWifiAllowSemiActive() const";
        "OHOS::Wifi::WifiConfigCenter::SetWifiStopState(bool)";
        "OHOS::Wifi::WifiConfigCenter::GetWifiStopState() const";
        "OHOS::Wifi::WifiConfigCenter::SetStaIfaceName(std::__h::basic_string<char, std::__h::char_traits<char>, std::__h::allocator<char>> const&, int)";
        "OHOS::Wifi::WifiConfigCenter::GetStaIfaceName(int)";
        "OHOS::Wifi::WifiConfigCenter::GetSystemMode()";
        "OHOS::Wifi::WifiConfigCenter::GetWifiState(int)";
        "OHOS::Wifi::WifiConfigCenter::SetWifiState(int, int)";
        "OHOS::Wifi::WifiConfigCenter::GetWifiDetailState(int)";
        "OHOS::Wifi::WifiConfigCenter::SetWifiDetailState(OHOS::Wifi::WifiDetailState, int)";
        "OHOS::Wifi::WifiConfigCenter::GetWifiMidState(int)";
        "OHOS::Wifi::WifiConfigCenter::SetWifiMidState(OHOS::Wifi::WifiOprMidState, OHOS::Wifi::WifiOprMidState, int)";
        "OHOS::Wifi::WifiConfigCenter::SetWifiMidState(OHOS::Wifi::WifiOprMidState, int)";
        "OHOS::Wifi::WifiConfigCenter::SetWifiStaCloseTime(int)";
        "OHOS::Wifi::WifiConfigCenter::GetWifiStaInterval(int)";
        "OHOS::Wifi::WifiConfigCenter::GetWifiConnectedMode(int)";
        "OHOS::Wifi::WifiConfigCenter::SetWifiConnectedMode(bool, int)";
        "OHOS::Wifi::WifiConfigCenter::SetChangeDeviceConfig(OHOS::Wifi::ConfigChange, OHOS::Wifi::WifiDeviceConfig const&)";
        "OHOS::Wifi::WifiConfigCenter::GetChangeDeviceConfig(OHOS::Wifi::ConfigChange&, OHOS::Wifi::WifiDeviceConfig&)";
        "OHOS::Wifi::WifiConfigCenter::GetIpInfo(OHOS::Wifi::IpInfo&, int)";
        "OHOS::Wifi::WifiConfigCenter::SaveIpInfo(OHOS::Wifi::IpInfo const&, int)";
        "OHOS::Wifi::WifiConfigCenter::GetIpv6Info(OHOS::Wifi::IpV6Info&, int)";
        "OHOS::Wifi::WifiConfigCenter::SaveIpV6Info(OHOS::Wifi::IpV6Info const&, int)";
        "OHOS::Wifi::WifiConfigCenter::GetAllWifiLinkedInfo()";
        "OHOS::Wifi::WifiConfigCenter::SaveLinkedInfo(OHOS::Wifi::WifiLinkedInfo const&, int)";
        "OHOS::Wifi::WifiConfigCenter::SetMacAddress(const std::string&, int)";
        "OHOS::Wifi::WifiConfigCenter::GetMacAddress(std::string&, int)";
        "OHOS::Wifi::WifiConfigCenter::SetUserLastSelectedNetworkId(int, int)";
        "OHOS::Wifi::WifiConfigCenter::GetUserLastSelectedNetworkId(int)";
        "OHOS::Wifi::WifiConfigCenter::GetUserLastSelectedNetworkTimeVal(int)";
        "OHOS::Wifi::WifiConfigCenter::GetConnectTimeoutBssid(int)";
        "OHOS::Wifi::WifiConfigCenter::SetConnectTimeoutBssid(std::__h::basic_string<char, std::__h::char_traits<char>, std::__h::allocator<char>>&, int)";
        "OHOS::Wifi::WifiConfigCenter::SaveDisconnectedReason(OHOS::Wifi::DisconnectedReason, int)";
        "OHOS::Wifi::WifiConfigCenter::GetDisconnectedReason(OHOS::Wifi::DisconnectedReason&, int)";
        "OHOS::Wifi::WifiConfigCenter::InsertWifi6BlackListCache(std::__h::basic_string<char, std::__h::char_traits<char>, std::__h::allocator<char>>, OHOS::Wifi::Wifi6BlackListInfo)";
        "OHOS::Wifi::WifiConfigCenter::RemoveWifi6BlackListCache(std::__h::basic_string<char, std::__h::char_traits<char>, std::__h::allocator<char>>)";
        "OHOS::Wifi::WifiConfigCenter::GetWifi6BlackListCache(std::__h::map<std::__h::basic_string<char, std::__h::char_traits<char>, std::__h::allocator<char>>, OHOS::Wifi::Wifi6BlackListInfo, std::__h::less<std::__h::basic_string<char, std::__h::char_traits<char>, std::__h::allocator<char>>>, std::__h::allocator<std::__h::pair<std::__h::basic_string<char, std::__h::char_traits<char>, std::__h::allocator<char>> const, OHOS::Wifi::Wifi6BlackListInfo>>>&)";
        "OHOS::Wifi::WifiConfigCenter::EnableNetwork(int, bool, int)";
        "OHOS::Wifi::WifiConfigCenter::GetScanMidState(int)";
        "OHOS::Wifi::WifiConfigCenter::SetScanMidState(OHOS::Wifi::WifiOprMidState, OHOS::Wifi::WifiOprMidState, int)";
        "OHOS::Wifi::WifiConfigCenter::SetScanMidState(OHOS::Wifi::WifiOprMidState, int)";
        "OHOS::Wifi::WifiConfigCenter::GetWifiScanOnlyMidState(int)";
        "OHOS::Wifi::WifiConfigCenter::SetWifiScanOnlyMidState(OHOS::Wifi::WifiOprMidState, OHOS::Wifi::WifiOprMidState, int)";
        "OHOS::Wifi::WifiConfigCenter::SetWifiScanOnlyMidState(OHOS::Wifi::WifiOprMidState, int)";
        "OHOS::Wifi::WifiConfigCenter::SetWifiLinkedStandardAndMaxSpeed(OHOS::Wifi::WifiLinkedInfo&)";
        "OHOS::Wifi::WifiConfigCenter::CheckScanOnlyAvailable(int)";
        "OHOS::Wifi::WifiConfigCenter::GetConnectedBssid(int)";
        "OHOS::Wifi::WifiConfigCenter::SetSoftapToggledState(bool)";
        "OHOS::Wifi::WifiConfigCenter::GetSoftapToggledState() const";
        "OHOS::Wifi::WifiConfigCenter::SetHotspotIdleTimeout(int)";
        "OHOS::Wifi::WifiConfigCenter::GetHotspotIdleTimeout() const";
        "OHOS::Wifi::WifiConfigCenter::SetApIfaceName(std::__h::basic_string<char, std::__h::char_traits<char>, std::__h::allocator<char>> const&)";
        "OHOS::Wifi::WifiConfigCenter::GetApIfaceName()";
        "OHOS::Wifi::WifiConfigCenter::GetApMidState(int)";
        "OHOS::Wifi::WifiConfigCenter::SetApMidState(OHOS::Wifi::WifiOprMidState, OHOS::Wifi::WifiOprMidState, int)";
        "OHOS::Wifi::WifiConfigCenter::SetApMidState(OHOS::Wifi::WifiOprMidState, int)";
        "OHOS::Wifi::WifiConfigCenter::GetHotspotState(int)";
        "OHOS::Wifi::WifiConfigCenter::SetHotspotState(int, int)";
        "OHOS::Wifi::WifiConfigCenter::SetPowerModel(OHOS::Wifi::PowerModel const&, int)";
        "OHOS::Wifi::WifiConfigCenter::GetPowerModel(OHOS::Wifi::PowerModel&, int)";
        "OHOS::Wifi::WifiConfigCenter::GetStationList(std::__h::vector<OHOS::Wifi::StationInfo, std::__h::allocator<OHOS::Wifi::StationInfo>>&, int)";
        "OHOS::Wifi::WifiConfigCenter::ManageStation(OHOS::Wifi::StationInfo const&, int, int)";
        "OHOS::Wifi::WifiConfigCenter::ClearStationList(int)";
        "OHOS::Wifi::WifiConfigCenter::SetP2pIfaceName(const std::string&)";
        "OHOS::Wifi::WifiConfigCenter::GetP2pIfaceName()";
        "OHOS::Wifi::WifiConfigCenter::SetHid2dUpperScene(int, OHOS::Wifi::Hid2dUpperScene const&)";
        "OHOS::Wifi::WifiConfigCenter::GetHid2dUpperScene(int, OHOS::Wifi::Hid2dUpperScene&)";
        "OHOS::Wifi::WifiConfigCenter::ClearLocalHid2dInfo(int)";
        "OHOS::Wifi::WifiConfigCenter::SetP2pEnhanceState(int)";
        "OHOS::Wifi::WifiConfigCenter::GetP2pEnhanceState()";
        "OHOS::Wifi::WifiConfigCenter::SetLastConnStaFreq(int)";
        "OHOS::Wifi::WifiConfigCenter::GetLastConnStaFreq()";
        "OHOS::Wifi::WifiConfigCenter::SetP2pEnhanceActionListenChannel(int)";
        "OHOS::Wifi::WifiConfigCenter::GetP2pEnhanceActionListenChannel()";
        "OHOS::Wifi::WifiConfigCenter::SetP2pEnhanceFreq(int)";
        "OHOS::Wifi::WifiConfigCenter::GetP2pEnhanceFreq()";
        "OHOS::Wifi::WifiConfigCenter::GetP2pMidState()";
        "OHOS::Wifi::WifiConfigCenter::SetP2pMidState(OHOS::Wifi::WifiOprMidState, OHOS::Wifi::WifiOprMidState)";
        "OHOS::Wifi::WifiConfigCenter::SetP2pMidState(OHOS::Wifi::WifiOprMidState)";
        "OHOS::Wifi::WifiConfigCenter::SetP2pState(int)";
        "OHOS::Wifi::WifiConfigCenter::GetP2pState()";
        "OHOS::Wifi::WifiConfigCenter::SetP2pDiscoverState(int)";
        "OHOS::Wifi::WifiConfigCenter::GetP2pDiscoverState()";
        "OHOS::Wifi::WifiConfigCenter::SetP2pBusinessType(const OHOS::Wifi::P2pBusinessType&)";
        "OHOS::Wifi::WifiConfigCenter::GetP2pBusinessType(OHOS::Wifi::P2pBusinessType&)";
        "OHOS::Wifi::WifiConfigCenter::SaveP2pCreatorUid(int)";
        "OHOS::Wifi::WifiConfigCenter::GetP2pCreatorUid()";
        "OHOS::Wifi::WifiConfigCenter::SetExplicitGroup(bool)";
        "OHOS::Wifi::WifiConfigCenter::IsExplicitGroup()";
        "OHOS::Wifi::WifiConfigCenter::SaveP2pInfo(OHOS::Wifi::WifiP2pLinkedInfo&)";
        "OHOS::Wifi::WifiConfigCenter::GetP2pInfo(OHOS::Wifi::WifiP2pLinkedInfo&)";
        "OHOS::Wifi::WifiConfigCenter::SetCurrentP2pGroupInfo(const OHOS::Wifi::WifiP2pGroupInfo&)";
        "OHOS::Wifi::WifiConfigCenter::GetCurrentP2pGroupInfo()";
        "OHOS::Wifi::WifiConfigCenter::SetCoexSupport(bool)";
        "OHOS::Wifi::WifiConfigCenter::GetCoexSupport() const";
        "OHOS::Wifi::WifiConfigCenter::SetScreenState(int const&)";
        "OHOS::Wifi::WifiConfigCenter::GetScreenState() const";
        "OHOS::Wifi::WifiConfigCenter::SetThermalLevel(int const&)";
        "OHOS::Wifi::WifiConfigCenter::GetThermalLevel() const";
        "OHOS::Wifi::WifiConfigCenter::SetPowerIdelState(int const&)";
        "OHOS::Wifi::WifiConfigCenter::GetPowerIdelState() const";
        "OHOS::Wifi::WifiConfigCenter::SetGnssFixState(const int&)";
        "OHOS::Wifi::WifiConfigCenter::GetGnssFixState() const";
        "OHOS::Wifi::WifiConfigCenter::SetScanGenieState(const int&)";
        "OHOS::Wifi::WifiConfigCenter::GetScanGenieState() const";
        "OHOS::Wifi::WifiConfigCenter::SetWifiStateOnAirplaneChanged(int const&)";
        "OHOS::Wifi::WifiConfigCenter::GetAirplaneModeState() const";
        "OHOS::Wifi::WifiConfigCenter::GetWifiToggledEnable(int)";
        "OHOS::Wifi::WifiConfigCenter::SetWifiToggledState(int, int)";
        "OHOS::Wifi::WifiConfigCenter::SetPowerSavingModeState(const int&)";
        "OHOS::Wifi::WifiConfigCenter::GetPowerSavingModeState() const";
        "OHOS::Wifi::WifiConfigCenter::SetFreezeModeState(int)";
        "OHOS::Wifi::WifiConfigCenter::GetFreezeModeState() const";
        "OHOS::Wifi::WifiConfigCenter::SetNoChargerPlugModeState(int)";
        "OHOS::Wifi::WifiConfigCenter::GetNoChargerPlugModeState() const";
        "OHOS::Wifi::WifiConfigCenter::SetThreadStatusFlag(bool)";
        "OHOS::Wifi::WifiConfigCenter::GetThreadStatusFlag() const";
        "OHOS::Wifi::WifiConfigCenter::GetThreadStartTime() const";
        "OHOS::Wifi::WifiConfigCenter::GetRandomMacAddr(OHOS::Wifi::WifiMacAddrInfoType, std::string)";
        "OHOS::Wifi::WifiConfigCenter::GetMacAddrPairs(OHOS::Wifi::WifiMacAddrInfoType, OHOS::Wifi::WifiMacAddrInfo const&)";
        "OHOS::Wifi::WifiConfigCenter::ClearMacAddrPairs(OHOS::Wifi::WifiMacAddrInfoType)";
        "OHOS::Wifi::WifiConfigCenter::GetAllWifiLinkedNetworkId()";
        "OHOS::Wifi::WifiConfigCenter::SetPersistWifiState(int, int)";
        "OHOS::Wifi::WifiConfigCenter::GetPersistWifiState(int)";
        "OHOS::Wifi::WifiConfigCenter::HasWifiActive()";
        "OHOS::Wifi::WifiConfigCenter::RemoveMacAddrPairInfo(OHOS::Wifi::WifiMacAddrInfoType, std::__h::basic_string<char, std::__h::char_traits<char>, std::__h::allocator<char>>, int)";
        "OHOS::Wifi::WifiConfigCenter::UpdateLinkedInfo(int)";
        "OHOS::Wifi::WifiConfigCenter::InsertWifiCategoryBlackListCache(int, std::__h::basic_string<char, std::__h::char_traits<char>, std::__h::allocator<char>>, OHOS::Wifi::WifiCategoryBlackListInfo)";
        "OHOS::Wifi::WifiConfigCenter::GetWifiCategoryBlackListCache(int, std::__h::map<std::__h::basic_string<char, std::__h::char_traits<char>, std::__h::allocator<char>>, OHOS::Wifi::WifiCategoryBlackListInfo, std::__h::less<std::__h::basic_string<char, std::__h::char_traits<char>, std::__h::allocator<char>>>, std::__h::allocator<std::__h::pair<std::__h::basic_string<char, std::__h::char_traits<char>, std::__h::allocator<char>> const, OHOS::Wifi::WifiCategoryBlackListInfo>>>&)";
        "OHOS::Wifi::WifiConfigCenter::RemoveWifiCategoryBlackListCache(int, std::__h::basic_string<char, std::__h::char_traits<char>, std::__h::allocator<char>>)";
        "OHOS::Wifi::WifiConfigCenter::GetWifiConnectFailListCache(std::__h::map<std::__h::basic_string<char, std::__h::char_traits<char>, std::__h::allocator<char>>, OHOS::Wifi::WifiCategoryConnectFailInfo, std::__h::less<std::__h::basic_string<char, std::__h::char_traits<char>, std::__h::allocator<char>>>, std::__h::allocator<std::__h::pair<std::__h::basic_string<char, std::__h::char_traits<char>, std::__h::allocator<char>> const, OHOS::Wifi::WifiCategoryConnectFailInfo>>>&)";
        "OHOS::Wifi::WifiConfigCenter::UpdateWifiConnectFailListCache(int, std::__h::basic_string<char, std::__h::char_traits<char>, std::__h::allocator<char>>, OHOS::Wifi::WifiCategoryConnectFailInfo)";
        "OHOS::Wifi::WifiConfigCenter::RemoveWifiConnectFailListCache(std::__h::basic_string<char, std::__h::char_traits<char>, std::__h::allocator<char>>)";
        "OHOS::Wifi::WifiConfigCenter::GetLocalOnlyHotspotConfig(OHOS::Wifi::HotspotConfig&)";
        "OHOS::Wifi::WifiConfigCenter::GetNetworkControlInfo()";
        "OHOS::Wifi::WifiConfigCenter::SetNetworkControlInfo(OHOS::Wifi::WifiNetworkControlInfo const&)";
        "OHOS::Wifi::WifiConfigCenter::SetLocalOnlyHotspotConfig(OHOS::Wifi::HotspotConfig const&)";
        "OHOS::Wifi::WifiScanConfig::GetScanDeviceInfo(OHOS::Wifi::WifiScanDeviceInfo&)";
        "OHOS::Wifi::WifiScanConfig::SaveScanDeviceInfo(OHOS::Wifi::WifiScanDeviceInfo&)";
        "OHOS::Wifi::WifiScanConfig::SetAppRunningState(OHOS::Wifi::ScanMode)";
        "OHOS::Wifi::WifiScanConfig::SetScanControlInfo(OHOS::Wifi::tagScanControlInfo const&, int)";
        "OHOS::Wifi::WifiScanConfig::GetScanControlInfo(OHOS::Wifi::tagScanControlInfo&, int)";
        "OHOS::Wifi::WifiScanConfig::SetAppPackageName(std::__h::basic_string<char, std::__h::char_traits<char>, std::__h::allocator<char>> const&)";
        "OHOS::Wifi::WifiScanConfig::GetScanInfoList(std::__h::vector<OHOS::Wifi::WifiScanInfo, std::__h::allocator<OHOS::Wifi::WifiScanInfo>>&)";
        "OHOS::Wifi::WifiSettings::GetInstance()";
        "OHOS::Wifi::WifiSettings::ClearDeviceConfig()";
        "OHOS::Wifi::WifiSettings::GetDeviceConfig(std::__h::vector<OHOS::Wifi::WifiDeviceConfig, std::__h::allocator<OHOS::Wifi::WifiDeviceConfig>>&, int)";
        "OHOS::Wifi::WifiSettings::GetDeviceConfig(int const&, OHOS::Wifi::WifiDeviceConfig&, int)";
        "OHOS::Wifi::WifiSettings::GetDeviceConfig(std::__h::basic_string<char, std::__h::char_traits<char>, std::__h::allocator<char>> const&, int const&, OHOS::Wifi::WifiDeviceConfig&, int)";
        "OHOS::Wifi::WifiSettings::GetDeviceConfig(std::__h::basic_string<char, std::__h::char_traits<char>, std::__h::allocator<char>> const&, std::__h::basic_string<char, std::__h::char_traits<char>, std::__h::allocator<char>> const&, OHOS::Wifi::WifiDeviceConfig&, int)";
        "OHOS::Wifi::WifiSettings::SetDeviceEphemeral(int, bool)";
        "OHOS::Wifi::WifiSettings::SetWifiToggleCaller(int, int)";
        "OHOS::Wifi::WifiSettings::GetPackageName(std::__h::basic_string<char, std::__h::char_traits<char>, std::__h::allocator<char>>)";
        "OHOS::Wifi::WifiSettings::GetPackageInfoMap(std::__h::map<std::__h::basic_string<char, std::__h::char_traits<char>, std::__h::allocator<char>>, std::__h::vector<OHOS::Wifi::PackageInfo, std::__h::allocator<OHOS::Wifi::PackageInfo>>, std::__h::less<std::__h::basic_string<char, std::__h::char_traits<char>, std::__h::allocator<char>>>, std::__h::allocator<std::__h::pair<std::__h::basic_string<char, std::__h::char_traits<char>, std::__h::allocator<char>> const, std::__h::vector<OHOS::Wifi::PackageInfo, std::__h::allocator<OHOS::Wifi::PackageInfo>>>>>&)";
        "OHOS::Wifi::WifiScanConfig::SetPackageInfo(std::__h::map<std::__h::basic_string<char, std::__h::char_traits<char>, std::__h::allocator<char>>, std::__h::vector<OHOS::Wifi::PackageInfo, std::__h::allocator<OHOS::Wifi::PackageInfo>>, std::__h::less<std::__h::basic_string<char, std::__h::char_traits<char>, std::__h::allocator<char>>>, std::__h::allocator<std::__h::pair<std::__h::basic_string<char, std::__h::char_traits<char>, std::__h::allocator<char>> const, std::__h::vector<OHOS::Wifi::PackageInfo, std::__h::allocator<OHOS::Wifi::PackageInfo>>>>>&)";
        "OHOS::Wifi::WifiSettings::GetAllCandidateConfig(int, std::__h::vector<OHOS::Wifi::WifiDeviceConfig, std::__h::allocator<OHOS::Wifi::WifiDeviceConfig>>&)";
        "OHOS::Wifi::WifiSettings::SyncDeviceConfig()";
        "OHOS::Wifi::WifiSettings::OnRestore(OHOS::UniqueFdAddDeletor<OHOS::DefaultDeleter>&, std::__h::basic_string<char, std::__h::char_traits<char>, std::__h::allocator<char>> const&)";
        "OHOS::Wifi::WifiSettings::OnBackup(OHOS::UniqueFdAddDeletor<OHOS::DefaultDeleter>&, std::__h::basic_string<char, std::__h::char_traits<char>, std::__h::allocator<char>> const&)";
        "OHOS::Wifi::WifiSettings::SetBackupReplyCode(int)";
        "OHOS::Wifi::WifiSettings::RemoveBackupFile()";
        "OHOS::Wifi::WifiSettings::GetRandomMac(OHOS::Wifi::WifiStoreRandomMac&)";
        "OHOS::Wifi::WifiSettings::SyncHotspotConfig()";
        "OHOS::Wifi::WifiSettings::SetHotspotConfig(OHOS::Wifi::HotspotConfig const&, int)";
        "OHOS::Wifi::WifiSettings::GetHotspotConfig(OHOS::Wifi::HotspotConfig&, int)";
        "OHOS::Wifi::WifiSettings::ClearHotspotConfig()";
        "OHOS::Wifi::WifiSettings::GetBlockList(std::__h::vector<OHOS::Wifi::StationInfo, std::__h::allocator<OHOS::Wifi::StationInfo>>&, int)";
        "OHOS::Wifi::WifiSettings::ManageBlockList(OHOS::Wifi::StationInfo const&, int, int)";
        "OHOS::Wifi::WifiSettings::SyncWifiP2pGroupInfoConfig()";
        "OHOS::Wifi::WifiSettings::RemoveWifiP2pGroupInfo()";
        "OHOS::Wifi::WifiSettings::RemoveWifiP2pSupplicantGroupInfo()";
        "OHOS::Wifi::WifiSettings::SetP2pDeviceName(const std::string &)";
        "OHOS::Wifi::WifiSettings::GetScanAlwaysState(int)";
        "OHOS::Wifi::WifiSettings::GetCanOpenStaWhenAirplaneMode(int)";
        "OHOS::Wifi::WifiSettings::GetRealMacAddress(std::string &, int)";
        "OHOS::Wifi::WifiSettings::SetDefaultFrequenciesByCountryBand(OHOS::Wifi::BandType, std::__h::vector<int, std::__h::allocator<int>>&, int)";
        "OHOS::Wifi::WifiSettings::SetScanOnlySwitchState(int const&, int)";
        "OHOS::Wifi::WifiSettings::GetScanOnlySwitchState(int)";
        "OHOS::Wifi::WifiSettings::AddWifiRestrictedListConfig(int, OHOS::Wifi::WifiRestrictedInfo const&)";
        "OHOS::Wifi::WifiSettings::CheckWifiMdmRestrictedList(std::__h::vector<OHOS::Wifi::WifiRestrictedInfo, std::__h::allocator<OHOS::Wifi::WifiRestrictedInfo>> const&)";
        "OHOS::Wifi::WifiSettings::ClearWifiRestrictedListConfig(int)";
        "OHOS::Wifi::WifiSettings::SyncWifiRestrictedListConfig()";
        "OHOS::Wifi::BlockConnectService::ClearBlockConnectForMdmRestrictedList()";
        "OHOS::Wifi::BlockConnectService::UpdateNetworkSelectStatusForMdmRestrictedList()";
        "OHOS::Wifi::DhcpdInterface::DhcpdInterface()";
        "OHOS::Wifi::DhcpdInterface::~DhcpdInterface()";
        "OHOS::Wifi::DhcpdInterface::RegisterDhcpCallBack(std::__h::basic_string<char, std::__h::char_traits<char>, std::__h::allocator<char>> const&, ServerCallBack&)";
        "OHOS::Wifi::DhcpdInterface::StartDhcpServerFromInterface(const std::string&, Ipv4Address&, Ipv6Address&, const std::string&, bool, const int32_t&)";
        "OHOS::Wifi::DhcpdInterface::StopDhcp(std::__h::basic_string<char, std::__h::char_traits<char>, std::__h::allocator<char>> const&)";
        "OHOS::Wifi::DhcpdInterface::GetConnectedStationInfo(std::__h::basic_string<char, std::__h::char_traits<char>, std::__h::allocator<char>> const&, std::__h::map<std::__h::basic_string<char, std::__h::char_traits<char>, std::__h::allocator<char>>, OHOS::Wifi::StationInfo, std::__h::less<std::__h::basic_string<char, std::__h::char_traits<char>, std::__h::allocator<char>>>, std::__h::allocator<std::__h::pair<std::__h::basic_string<char, std::__h::char_traits<char>, std::__h::allocator<char>> const, OHOS::Wifi::StationInfo>>>&)";
        "OHOS::Wifi::IfConfig::IfConfig()";
        "OHOS::Wifi::IfConfig::~IfConfig()";
        "OHOS::Wifi::IfConfig::GetInstance()";
        "OHOS::Wifi::IfConfig::FlushIpAddr(std::__h::basic_string<char, std::__h::char_traits<char>, std::__h::allocator<char>> const&, int const&)";
        "OHOS::Wifi::IfConfig::AddIpAddr(std::__h::basic_string<char, std::__h::char_traits<char>, std::__h::allocator<char>> const&, std::__h::basic_string<char, std::__h::char_traits<char>, std::__h::allocator<char>> const&, std::__h::basic_string<char, std::__h::char_traits<char>, std::__h::allocator<char>> const&, int const&)";
        "OHOS::Wifi::IfConfig::SetProxy(bool, const std::string &, const std::string &, const std::string &, const std::string &)";
        "OHOS::Wifi::IfConfig::ExecCommand(const std::vector<std::string> &)";
        "OHOS::Wifi::IfConfig::GetIpAddr(const std::string&, std::string&)";
        "OHOS::Wifi::IfConfig::SetIfDnsAndRoute(const DhcpResult*, int, int);";
        "OHOS::Wifi::IfConfig::SetNetDns(const std::string &, const std::string &, const std::string &)";
        "OHOS::Wifi::IfConfig::AddIfRoute(const std::string &, const std::string &, const std::string &,
        const std::string&, const int &)()";
        "OHOS::Wifi::IfConfig::AddIpv4Route(
        const std::string&, const std::string&, const std::string&, const std::string&)";
        "OHOS::Wifi::IfConfig::AddIpv6Route(
        const std::string&, const std::string&, const std::string&, const std::string&)";
        "OHOS::Wifi::SplitString(std::__h::basic_string<char, std::__h::char_traits<char>, std::__h::allocator<char>> const&, std::__h::basic_string<char, std::__h::char_traits<char>, std::__h::allocator<char>> const&, std::__h::vector<std::__h::basic_string<char, std::__h::char_traits<char>, std::__h::allocator<char>>, std::__h::allocator<std::__h::basic_string<char, std::__h::char_traits<char>, std::__h::allocator<char>>>>&)";
        "OHOS::Wifi::CheckMacIsValid(std::__h::basic_string<char, std::__h::char_traits<char>, std::__h::allocator<char>> const&)";
        "OHOS::Wifi::WifiCodeConvertUtil::GbkToUtf8(std::__h::basic_string<char, std::__h::char_traits<char>, std::__h::allocator<char>> const&)";
        "OHOS::Wifi::GetParamValue(char const*, char const*, char*, unsigned int)";
        "OHOS::Wifi::IsValidCountryCode(std::__h::basic_string<char, std::__h::char_traits<char>, std::__h::allocator<char>> const&)";
        "OHOS::Wifi::StrToUpper(std::__h::basic_string<char, std::__h::char_traits<char>, std::__h::allocator<char>>&)";
        "OHOS::Wifi::SetParamValue(char const*, char const*)";
        "OHOS::Wifi::WifiConfigCenter::GetLinkedInfo(OHOS::Wifi::WifiLinkedInfo&, int)";
        "OHOS::Wifi::WifiConfigCenter::GetMloLinkedInfo(std::__h::vector<OHOS::Wifi::WifiLinkedInfo, std::__h::allocator<OHOS::Wifi::WifiLinkedInfo>>&, int)";
        "OHOS::Wifi::ConvertMncToIso(int, std::__h::basic_string<char, std::__h::char_traits<char>, std::__h::allocator<char>>&)";
        "OHOS::Wifi::WifiSettings::GetSignalLevel(int const&, int const&, int)";
        "OHOS::Wifi::IpTools::GetExclusionObjectList(std::__h::basic_string<char, std::__h::char_traits<char>, std::__h::allocator<char>> const&, std::__h::vector<std::__h::basic_string<char, std::__h::char_traits<char>, std::__h::allocator<char>>, std::__h::allocator<std::__h::basic_string<char, std::__h::char_traits<char>, std::__h::allocator<char>>>>&)";
        "OHOS::Wifi::IpTools::ConvertIpv4Address(unsigned int)";
        "OHOS::Wifi::IpTools::GetMaskLength(std::__h::basic_string<char, std::__h::char_traits<char>, std::__h::allocator<char>>)";
        "OHOS::Wifi::IpTools::GetIPV6MaskLength(std::__h::basic_string<char, std::__h::char_traits<char>, std::__h::allocator<char>>)";
        "OHOS::Wifi::Ipv6Address::GetPrefixByAddr(std::__h::basic_string<char, std::__h::char_traits<char>, std::__h::allocator<char>> const&, unsigned int)";
        "OHOS::Wifi::IpTools::ConvertIpv4Address(std::__h::basic_string<char, std::__h::char_traits<char>, std::__h::allocator<char>> const&)";
        "OHOS::Wifi::IpTools::ConvertIpv4Mask(int)";
        "OHOS::Wifi::SplitStringToIntVector(std::__h::basic_string<char, std::__h::char_traits<char>, std::__h::allocator<char>> const&, std::__h::basic_string<char, std::__h::char_traits<char>, std::__h::allocator<char>> const&)";
        "OHOS::Wifi::GetRandomInt(int, int)";
        "OHOS::Wifi::TransformFrequencyIntoChannel(int)";
        "OHOS::Wifi::IsChannelDbac(int, int)";
        "OHOS::Wifi::TransformChannelToBand(int)";
        "OHOS::Wifi::TransformFrequencyIntoChannel(std::__h::vector<int, std::__h::allocator<int>> const&, std::__h::vector<int, std::__h::allocator<int>>&)";
        "OHOS::Wifi::WifiRandomMacHelper::GenerateRandomMacAddress(std::__h::basic_string<char, std::__h::char_traits<char>, std::__h::allocator<char>>&)";
        "OHOS::Wifi::MacAddress::IsValidMac(std::__h::basic_string<char, std::__h::char_traits<char>, std::__h::allocator<char>> const&)";
        "vtable for OHOS::Wifi::BaseAddress";
        "OHOS::Wifi::Ipv4Address::invalidInetAddress";
        "vtable for OHOS::Wifi::Ipv4Address";
        "OHOS::Wifi::Ipv6Address::INVALID_INET6_ADDRESS";
        "vtable for OHOS::Wifi::Ipv6Address";
        "OHOS::Wifi::DhcpdInterface::StartDhcpServerFromInterface(std::__h::basic_string<char, std::__h::char_traits<char>, std::__h::allocator<char>> const&, OHOS::Wifi::Ipv4Address&, OHOS::Wifi::Ipv6Address&, std::__h::basic_string<char, std::__h::char_traits<char>, std::__h::allocator<char>> const&, bool, int const&)";
        "OHOS::Wifi::BaseAddress::~BaseAddress()";
        "OHOS::Wifi::WifiSettings::GetP2pVendorConfig(OHOS::Wifi::P2pVendorConfig&)";
        "OHOS::Wifi::WifiSettings::SetP2pVendorConfig(OHOS::Wifi::P2pVendorConfig const&)";
        "OHOS::Wifi::WifiSettings::GetDefaultApSsid()";
        "OHOS::Wifi::WifiSettings::SetWifiP2pGroupInfo(std::__h::vector<OHOS::Wifi::WifiP2pGroupInfo, std::__h::allocator<OHOS::Wifi::WifiP2pGroupInfo>> const&)";
        "OHOS::Wifi::GetRandomStr(int)";
        "OHOS::Wifi::Ipv4Address::defaultInetAddress";
        "OHOS::Wifi::MacAddress::GetMacAddr(std::__h::basic_string<char, std::__h::char_traits<char>, std::__h::allocator<char>> const&, unsigned char*)";
        "OHOS::Wifi::ArpChecker::Start(std::__h::basic_string<char, std::__h::char_traits<char>, std::__h::allocator<char>>&, std::__h::basic_string<char, std::__h::char_traits<char>, std::__h::allocator<char>>&, std::__h::basic_string<char, std::__h::char_traits<char>, std::__h::allocator<char>>&, std::__h::basic_string<char, std::__h::char_traits<char>, std::__h::allocator<char>>&)";
        "OHOS::Wifi::ArpChecker::DoArpCheck(int, bool)";
        "OHOS::Wifi::ArpChecker::DoArpCheck(int, bool, unsigned long long&)";
        "OHOS::Wifi::WifiConfigCenter::StoreWifiMacAddrPairInfo(OHOS::Wifi::WifiMacAddrInfoType, std::__h::basic_string<char, std::__h::char_traits<char>, std::__h::allocator<char>> const&, std::__h::basic_string<char, std::__h::char_traits<char>, std::__h::allocator<char>> const&)";
        "OHOS::Wifi::WifiSettings::GetWifiP2pGroupInfo(std::__h::vector<OHOS::Wifi::WifiP2pGroupInfo, std::__h::allocator<OHOS::Wifi::WifiP2pGroupInfo>>&)";
        "OHOS::Wifi::WifiConfigCenter::GetRandomMacAddr(OHOS::Wifi::WifiMacAddrInfoType, std::__h::basic_string<char, std::__h::char_traits<char>, std::__h::allocator<char>>)";
        "OHOS::Wifi::WifiConfigCenter::SetCurrentP2pGroupInfo(OHOS::Wifi::WifiP2pGroupInfo const&)"; 
        "OHOS::Wifi::WifiCertUtils::InstallCert(std::__h::vector<unsigned char, std::__h::allocator<unsigned char>> const&, std::__h::basic_string<char, std::__h::char_traits<char>, std::__h::allocator<char>> const&, std::__h::basic_string<char, std::__h::char_traits<char>, std::__h::allocator<char>>&, std::__h::basic_string<char, std::__h::char_traits<char>, std::__h::allocator<char>>&)";
        "OHOS::Wifi::WifiConfigCenter::SetMacAddress(std::__h::basic_string<char, std::__h::char_traits<char>, std::__h::allocator<char>> const&, int)";
        "OHOS::Wifi::WifiSettings::GetRealMacAddress(std::__h::basic_string<char, std::__h::char_traits<char>, std::__h::allocator<char>>&, int)";
        "OHOS::Wifi::WifiConfigCenter::GetMacAddress(std::__h::basic_string<char, std::__h::char_traits<char>, std::__h::allocator<char>>&, int)";
        "OHOS::Wifi::IsPskEncryption(std::__h::basic_string<char, std::__h::char_traits<char>, std::__h::allocator<char>> const&)";
        "OHOS::Wifi::WifiRandomMacHelper::CalculateRandomMacForWifiDeviceConfig(std::__h::basic_string<char, std::__h::char_traits<char>, std::__h::allocator<char>> const&, std::__h::basic_string<char, std::__h::char_traits<char>, std::__h::allocator<char>>&)";
        "OHOS::Wifi::WifiRandomMacHelper::GetWifi2RandomMac(std::__h::basic_string<char, std::__h::char_traits<char>, std::__h::allocator<char>>&)";
        "OHOS::Wifi::ArpChecker::DoArpCheck(int, bool, unsigned long&)";
        "OHOS::Wifi::IpTools::ConvertIpv6Address(std::__h::vector<unsigned char, std::__h::allocator<unsigned char>> const&)";
        "OHOS::Wifi::IpTools::ConvertIpv6Mask(int)";
        "OHOS::Wifi::WifiSettings::SetRealMacAddress(std::__h::basic_string<char, std::__h::char_traits<char>, std::__h::allocator<char>> const&, int)";
        "OHOS::Wifi::IsFactoryMode()";
        "OHOS::Wifi::GetDeviceType()";
        "OHOS::Wifi::IsValid24GHz(int)";
        "OHOS::Wifi::IsValid5GHz(int)";
        "OHOS::Wifi::WatchParamValue(char const*, void (*)(char const*, char const*, void*), void*)";
        "OHOS::Wifi::WifiConfigCenter::SetP2pIfaceName(std::__h::basic_string<char, std::__h::char_traits<char>, std::__h::allocator<char>> const&)";
        "OHOS::Wifi::IsAllowScanAnyTime(OHOS::Wifi::tagScanControlInfo const&)";
        "OHOS::Wifi::ConvertConnStateInternal(OHOS::Wifi::OperateResState, bool&)";
        "OHOS::Wifi::IsStartUpWifiEnableSupport()";
        "OHOS::Wifi::WifiSettings::SetP2pDeviceName(std::__h::basic_string<char, std::__h::char_traits<char>, std::__h::allocator<char>> const&)";
        "OHOS::Wifi::WifiConfigCenter::SetP2pBusinessType(OHOS::Wifi::P2pBusinessType const&)";
        "OHOS::Wifi::HexStringToVec(std::__h::basic_string<char, std::__h::char_traits<char>, std::__h::allocator<char>> const&, std::__h::vector<char, std::__h::allocator<char>>&)";
        "OHOS::Wifi::WifiSettings::GetCandidateConfigWithoutUid(std::__h::basic_string<char, std::__h::char_traits<char>, std::__h::allocator<char>> const&, std::__h::basic_string<char, std::__h::char_traits<char>, std::__h::allocator<char>> const&, OHOS::Wifi::WifiDeviceConfig&)"; 
        "OHOS::Wifi::WifiCodeConvertUtil::Utf8ToGbk(std::__h::basic_string<char, std::__h::char_traits<char>, std::__h::allocator<char>> const&)";
        "vtable for OHOS::Wifi::NetworkXmlParser";
        "OHOS::Wifi::WifiManager::GetInstance()";
        "OHOS::Wifi::WifiManager::Init()";
        "OHOS::Wifi::WifiManager::GetSupportedFeatures(long&) const";
        "OHOS::Wifi::WifiManager::GetWifiScanManager()";
        "OHOS::Wifi::WifiManager::GetWifiStaManager()";
        "OHOS::Wifi::WifiManager::AddSupportedFeatures(OHOS::Wifi::WifiFeatures)";
        "OHOS::Wifi::WifiManager::GetWifiTogglerManager()";
        "OHOS::Wifi::WifiManager::GetWifiHotspotManager()";
        "OHOS::Wifi::WifiManager::GetWifiP2pManager()";
        "OHOS::Wifi::WifiManager::GetWifiEventSubscriberManager()";
        "OHOS::Wifi::WifiManager::GetWifiMultiVapManager()";
        "OHOS::Wifi::WifiManager::GetRptInterface(int)";
        "OHOS::Wifi::WifiManager::InstallPacketFilterProgram(int, int)";
        "OHOS::Wifi::WifiManager::OnNativeProcessStatusChange(int)";
        "OHOS::Wifi::WifiManager::StopGetCacResultAndLocalCac(int)";
        "OHOS::Wifi::WifiServiceManager::GetInstance()";
        "OHOS::Wifi::WifiServiceManager::GetP2pServiceInst()";
        "OHOS::Wifi::WifiServiceManager::GetEnhanceServiceInst()";
        "OHOS::Wifi::WifiServiceManager::GetStaServiceInst(int)";
        "OHOS::Wifi::WifiServiceManager::GetSelfCureServiceInst(int)";
        "OHOS::Wifi::WifiServiceManager::GetWifiProServiceInst(int)";
        "OHOS::Wifi::WifiServiceManager::GetScanServiceInst(int)";
        "OHOS::Wifi::WifiServiceManager::GetApServiceInst(int)";
        "OHOS::Wifi::WifiServiceManager::ApServiceSetHotspotConfig(OHOS::Wifi::HotspotConfig const&, int)";
        "OHOS::Wifi::WifiEventSubscriberManager::GetAirplaneModeByDatashare()";
        "OHOS::Wifi::WifiEventSubscriberManager::GetWifiAllowSemiActiveByDatashare()";
        "OHOS::Wifi::WifiEventSubscriberManager::GetLocationModeByDatashare()";
        "OHOS::Wifi::WifiEventSubscriberManager::GetScanMacInfoWhiteListByDatashare()";
        "OHOS::Wifi::WifiEventSubscriberManager::DealLocationModeChangeEvent()";
        "OHOS::Wifi::WifiEventSubscriberManager::CheckAndStartStaByDatashare()";
        "OHOS::Wifi::WifiEventSubscriberManager::IsMdmForbidden()";
        "OHOS::Wifi::WifiEventSubscriberManager::OnSystemAbilityChanged(int systemAbilityId, bool add) override";
        "OHOS::Wifi::WifiLocationModeObserver::OnChange() override";
        "OHOS::Wifi::AppNetworkSpeedLimitService::GetInstance()";
        "OHOS::Wifi::AppNetworkSpeedLimitService::GetStaCallback() const";
        "OHOS::Wifi::AppNetworkSpeedLimitService::HandleForegroundAppChangedAction(const AppExecFwk::AppStateData &)";
        "OHOS::Wifi::AppNetworkSpeedLimitService::LimitSpeed(int, int)";
        "OHOS::Wifi::BlockConnectService::EnableNetworkSelectStatus(int)";
        "OHOS::Wifi::BlockConnectService::GetInstance()";
        "OHOS::Wifi::WifiAppStateAware::GetInstance()";
        "OHOS::Wifi::WifiAppStateAware::IsForegroundApp(int)";
        "OHOS::Wifi::WifiAppStateAware::IsForegroundApp(std::__h::basic_string<char, std::__h::char_traits<char>, std::__h::allocator<char>> const&)";
        "OHOS::Wifi::WifiChannelHelper::GetInstance()";
        "OHOS::Wifi::WifiChannelHelper::GetValidBands(std::__h::vector<OHOS::Wifi::BandType, std::__h::allocator<OHOS::Wifi::BandType>>&)";
        "OHOS::Wifi::WifiChannelHelper::GetValidChannels(std::__h::map<OHOS::Wifi::BandType, std::__h::vector<int, std::__h::allocator<int>>, std::__h::less<OHOS::Wifi::BandType>, std::__h::allocator<std::__h::pair<OHOS::Wifi::BandType const, std::__h::vector<int, std::__h::allocator<int>>>>>&)";
        "OHOS::Wifi::WifiCountryCodeManager::GetInstance()";
        "OHOS::Wifi::WifiCountryCodeManager::Init()";
        "OHOS::Wifi::WifiCountryCodeManager::GetWifiCountryCode(std::__h::basic_string<char, std::__h::char_traits<char>, std::__h::allocator<char>>&) const";
        "OHOS::Wifi::WifiCountryCodeManager::SetWifiCountryCodeFromExternal(std::__h::basic_string<char, std::__h::char_traits<char>, std::__h::allocator<char>> const&)";
        "OHOS::Wifi::WifiCountryCodeManager::RegisterWifiCountryCodeChangeListener(std::__h::shared_ptr<OHOS::Wifi::IWifiCountryCodeChangeListener> const&)";
        "OHOS::Wifi::WifiCountryCodeManager::UnregisterWifiCountryCodeChangeListener(std::__h::shared_ptr<OHOS::Wifi::IWifiCountryCodeChangeListener> const&)";
        "OHOS::Wifi::WifiHistoryRecordManager::GetInstance()";
        "OHOS::Wifi::WifiHistoryRecordManager::DeleteAllApInfo()";
        "OHOS::Wifi::WifiInternalEventDispatcher::GetInstance()";
        "OHOS::Wifi::WifiInternalEventDispatcher::HasHotspotRemote(OHOS::sptr<OHOS::IRemoteObject> const&, int)";
        "OHOS::Wifi::WifiInternalEventDispatcher::HasP2pRemote(OHOS::sptr<OHOS::IRemoteObject> const&)";
        "OHOS::Wifi::WifiInternalEventDispatcher::AddStaCallback(OHOS::sptr<OHOS::IRemoteObject> const&, OHOS::sptr<OHOS::Wifi::IWifiDeviceCallBack> const&, int, std::__h::basic_string<char, std::__h::char_traits<char>, std::__h::allocator<char>> const&, int, int)";
        "OHOS::Wifi::WifiInternalEventDispatcher::SetSingleStaCallback(OHOS::sptr<OHOS::Wifi::IWifiDeviceCallBack> const&, std::__h::basic_string<char, std::__h::char_traits<char>, std::__h::allocator<char>> const&, int)";
        "OHOS::Wifi::WifiInternalEventDispatcher::GetSingleStaCallback(int) const";
        "OHOS::Wifi::WifiInternalEventDispatcher::RemoveStaCallback(OHOS::sptr<OHOS::IRemoteObject> const&, int)";
        "OHOS::Wifi::WifiInternalEventDispatcher::HasStaRemote(OHOS::sptr<OHOS::IRemoteObject> const&, int)";
        "OHOS::Wifi::WifiInternalEventDispatcher::AddScanCallback(OHOS::sptr<OHOS::IRemoteObject> const&, OHOS::sptr<OHOS::Wifi::IWifiScanCallback> const&, int, std::__h::basic_string<char, std::__h::char_traits<char>, std::__h::allocator<char>> const&, int, int)";
        "OHOS::Wifi::WifiInternalEventDispatcher::SetSingleScanCallback(OHOS::sptr<OHOS::Wifi::IWifiScanCallback> const&, std::__h::basic_string<char, std::__h::char_traits<char>, std::__h::allocator<char>> const&, int)";
        "OHOS::Wifi::WifiInternalEventDispatcher::GetSingleScanCallback(int) const";
        "OHOS::Wifi::WifiInternalEventDispatcher::RemoveScanCallback(OHOS::sptr<OHOS::IRemoteObject> const&, int)";
        "OHOS::Wifi::WifiInternalEventDispatcher::HasScanRemote(OHOS::sptr<OHOS::IRemoteObject> const&, int)";
        "OHOS::Wifi::WifiInternalEventDispatcher::AddHotspotCallback(OHOS::sptr<OHOS::IRemoteObject> const&, OHOS::sptr<OHOS::Wifi::IWifiHotspotCallback> const&, std::__h::basic_string<char, std::__h::char_traits<char>, std::__h::allocator<char>> const&, int)";
        "OHOS::Wifi::WifiInternalEventDispatcher::SetSingleHotspotCallback(OHOS::sptr<OHOS::Wifi::IWifiHotspotCallback> const&, int)";
        "OHOS::Wifi::WifiInternalEventDispatcher::GetSingleHotspotCallback(int) const";
        "OHOS::Wifi::WifiInternalEventDispatcher::RemoveHotspotCallback(OHOS::sptr<OHOS::IRemoteObject> const&, int)";
        "OHOS::Wifi::WifiInternalEventDispatcher::AddP2pCallback(OHOS::sptr<OHOS::IRemoteObject> const&, OHOS::sptr<OHOS::Wifi::IWifiP2pCallback> const&, int, std::__h::basic_string<char, std::__h::char_traits<char>, std::__h::allocator<char>> const&, int)";
        "OHOS::Wifi::WifiInternalEventDispatcher::SetSingleP2pCallback(OHOS::sptr<OHOS::Wifi::IWifiP2pCallback> const&)";
        "OHOS::Wifi::WifiInternalEventDispatcher::RemoveP2pCallback(OHOS::sptr<OHOS::IRemoteObject> const&)";
        "OHOS::Wifi::WifiInternalEventDispatcher::ResetAllFrozenApp()";
        "OHOS::Wifi::WifiInternalEventDispatcher::GetRemoteUid(OHOS::sptr<OHOS::IRemoteObject> const&)";
        "OHOS::Wifi::WifiInternalEventDispatcher::IsAppFrozen(int)";
        "OHOS::Wifi::WifiInternalEventDispatcher::SetAppFrozen(std::__h::set<int, std::__h::less<int>, std::__h::allocator<int>>, bool)";
        "OHOS::Wifi::WifiInternalEventDispatcher::AddBroadCastMsg(OHOS::Wifi::WifiEventCallbackMsg const&)";
        "OHOS::Wifi::WifiNetAgent::GetInstance()";
        "OHOS::Wifi::WifiNetAgent::RegisterNetSupplier()";
        "OHOS::Wifi::WifiNetAgent::RegisterNetSupplierCallback()";
        "OHOS::Wifi::WifiNetAgent::UnregisterNetSupplier()";
        "OHOS::Wifi::WifiNetAgent::UpdateNetSupplierInfo(const sptr<NetManagerStandard::NetSupplierInfo> &)";
        "OHOS::Wifi::WifiNetAgent::AddRoute(std::__h::basic_string<char, std::__h::char_traits<char>, std::__h::allocator<char>>, std::__h::basic_string<char, std::__h::char_traits<char>, std::__h::allocator<char>>, int)";
        "OHOS::Wifi::WifiNetAgent::OnStaMachineUpdateNetLinkInfo(OHOS::Wifi::IpInfo, OHOS::Wifi::IpV6Info, OHOS::Wifi::WifiProxyConfig, int)";
        "OHOS::Wifi::WifiNetAgent::OnStaMachineUpdateNetSupplierInfo(OHOS::sptr<OHOS::NetManagerStandard::NetSupplierInfo>)";
        "OHOS::Wifi::WifiNetAgent::OnStaMachineWifiStart()";
        "OHOS::Wifi::WifiNetAgent::OnStaMachineNetManagerRestart(OHOS::sptr<OHOS::NetManagerStandard::NetSupplierInfo>, int)";
        "OHOS::Wifi::WifiNetAgent::RestoreWifiConnection()";
        "OHOS::Wifi::WifiNetAgent::InitWifiNetAgent(OHOS::Wifi::WifiNetAgentCallbacks const&)";
        "OHOS::Wifi::WifiNetAgent::RequestNetwork(const int, const int)";
        "OHOS::Wifi::WifiNetAgent::GetSupplierId()";
        "OHOS::Wifi::WifiNetAgent::ResetSupplierId()";
        "OHOS::Wifi::WifiDumper::DeviceDump(std::__h::function<void (std::__h::basic_string<char, std::__h::char_traits<char>, std::__h::allocator<char>>&)>, std::__h::vector<std::__h::basic_string<char, std::__h::char_traits<char>, std::__h::allocator<char>>, std::__h::allocator<std::__h::basic_string<char, std::__h::char_traits<char>, std::__h::allocator<char>>>> const&, std::__h::basic_string<char, std::__h::char_traits<char>, std::__h::allocator<char>>&)";
        "OHOS::Wifi::WifiDumper::ScanDump(std::__h::function<void (std::__h::basic_string<char, std::__h::char_traits<char>, std::__h::allocator<char>>&)>, std::__h::vector<std::__h::basic_string<char, std::__h::char_traits<char>, std::__h::allocator<char>>, std::__h::allocator<std::__h::basic_string<char, std::__h::char_traits<char>, std::__h::allocator<char>>>> const&, std::__h::basic_string<char, std::__h::char_traits<char>, std::__h::allocator<char>>&)";
        "OHOS::Wifi::WifiDumper::P2pDump(std::__h::function<void (std::__h::basic_string<char, std::__h::char_traits<char>, std::__h::allocator<char>>&)>, std::__h::vector<std::__h::basic_string<char, std::__h::char_traits<char>, std::__h::allocator<char>>, std::__h::allocator<std::__h::basic_string<char, std::__h::char_traits<char>, std::__h::allocator<char>>>> const&, std::__h::basic_string<char, std::__h::char_traits<char>, std::__h::allocator<char>>&)";
        "OHOS::Wifi::WifiDumper::HotspotDump(std::__h::function<void (std::__h::basic_string<char, std::__h::char_traits<char>, std::__h::allocator<char>>&)>, std::__h::vector<std::__h::basic_string<char, std::__h::char_traits<char>, std::__h::allocator<char>>, std::__h::allocator<std::__h::basic_string<char, std::__h::char_traits<char>, std::__h::allocator<char>>>> const&, std::__h::basic_string<char, std::__h::char_traits<char>, std::__h::allocator<char>>&)";
        "OHOS::Wifi::WifiProtectManager::GetInstance()";
        "OHOS::Wifi::WifiProtectManager::GetWifiProtect(const WifiProtectMode &, const std::string)";
        "OHOS::Wifi::WifiProtectManager::PutWifiProtect(const std::string &)";
        "OHOS::Wifi::WifiProtectManager::GetWifiProtect(OHOS::Wifi::WifiProtectMode const&, std::__h::basic_string<char, std::__h::char_traits<char>, std::__h::allocator<char>>)";
        "OHOS::Wifi::WifiProtectManager::PutWifiProtect(std::__h::basic_string<char, std::__h::char_traits<char>, std::__h::allocator<char>> const&)";
        "OHOS::Wifi::WifiApHalInterface::GetInstance()";
        "OHOS::Wifi::WifiApHalInterface::GetFrequenciesByBand(std::__h::basic_string<char, std::__h::char_traits<char>, std::__h::allocator<char>> const&, int, std::__h::vector<int, std::__h::allocator<int>>&)";
        "OHOS::Wifi::WifiApHalInterface::RegisterApEvent(OHOS::Wifi::IWifiApMonitorEventCallback, int)";
        "OHOS::Wifi::WifiApHalInterface::SetPowerModel(std::__h::basic_string<char, std::__h::char_traits<char>, std::__h::allocator<char>> const&, int)";
        "OHOS::Wifi::WifiApHalInterface::GetPowerModel(std::__h::basic_string<char, std::__h::char_traits<char>, std::__h::allocator<char>> const&, int&)";
        "OHOS::Wifi::WifiApHalInterface::SetWifiCountryCode(std::__h::basic_string<char, std::__h::char_traits<char>, std::__h::allocator<char>> const&, std::__h::basic_string<char, std::__h::char_traits<char>, std::__h::allocator<char>> const&)";
        "OHOS::Wifi::WifiApHalInterface::SetConnectMacAddr(std::__h::basic_string<char, std::__h::char_traits<char>, std::__h::allocator<char>> const&, std::__h::basic_string<char, std::__h::char_traits<char>, std::__h::allocator<char>> const&)";
        "OHOS::Wifi::WifiApHalInterface::SetSoftApConfig(std::__h::basic_string<char, std::__h::char_traits<char>, std::__h::allocator<char>> const&, OHOS::Wifi::HotspotConfig const&, int)";
        "OHOS::Wifi::WifiApHalInterface::SetMaxConnectNum(std::__h::basic_string<char, std::__h::char_traits<char>, std::__h::allocator<char>> const&, int, int)";
        "OHOS::Wifi::WifiApHalInterface::EnableAp(int)";
        "OHOS::Wifi::WifiApHalInterface::SetApPasswd(char const*, int)";
        "OHOS::Wifi::WifiApHalInterface::AddBlockByMac(std::__h::basic_string<char, std::__h::char_traits<char>, std::__h::allocator<char>> const&, int)";
        "OHOS::Wifi::WifiApHalInterface::DelBlockByMac(std::__h::basic_string<char, std::__h::char_traits<char>, std::__h::allocator<char>> const&, int)";
        "OHOS::Wifi::WifiApHalInterface::DisAssociateSta(std::__h::basic_string<char, std::__h::char_traits<char>, std::__h::allocator<char>> const&, std::__h::basic_string<char, std::__h::char_traits<char>, std::__h::allocator<char>> const&)";
        "OHOS::Wifi::WifiApHalInterface::SetSoftApBlockList(std::__h::basic_string<char, std::__h::char_traits<char>, std::__h::allocator<char>> const&, std::__h::vector<std::__h::basic_string<char, std::__h::char_traits<char>, std::__h::allocator<char>>, std::__h::allocator<std::__h::basic_string<char, std::__h::char_traits<char>, std::__h::allocator<char>>>> const&)";
        "OHOS::Wifi::WifiApHalInterface::DisconnectStaByMac(std::__h::basic_string<char, std::__h::char_traits<char>, std::__h::allocator<char>> const&, int)";
        "OHOS::Wifi::WifiApHalInterface::GetStationList(std::__h::vector<std::__h::basic_string<char, std::__h::char_traits<char>, std::__h::allocator<char>>, std::__h::allocator<std::__h::basic_string<char, std::__h::char_traits<char>, std::__h::allocator<char>>>>&, int)";
        "OHOS::Wifi::NetworkInterface::IsValidInterfaceName(std::__h::basic_string<char, std::__h::char_traits<char>, std::__h::allocator<char>> const&)";
        "OHOS::Wifi::IfConfig::ExecCommand(std::__h::vector<std::__h::basic_string<char, std::__h::char_traits<char>, std::__h::allocator<char>>, std::__h::allocator<std::__h::basic_string<char, std::__h::char_traits<char>, std::__h::allocator<char>>>> const&)";
        OHOS::Wifi::WifiP2PHalInterface::*;
        "OHOS::Wifi::WifiCmdClient::GetInstance()";
        "OHOS::Wifi::WifiCmdClient::SendCmdToDriver(std::__h::basic_string<char, std::__h::char_traits<char>, std::__h::allocator<char>> const&, int, std::__h::basic_string<char, std::__h::char_traits<char>, std::__h::allocator<char>> const&) const";
        "OHOS::Wifi::ArpChecker::ArpChecker()";
        "OHOS::Wifi::ArpChecker::~ArpChecker()";
        "OHOS::Wifi::WifiControllerMachine::IsLocalOnlyHotspot(bool)";
        "OHOS::Wifi::WifiControllerMachine::ShouldUseRpt(int)";
        "OHOS::Wifi::WifiSettings::SyncP2pVendorConfig()";
        "OHOS::Wifi::WifiSettings::AddRandomMac(OHOS::Wifi::WifiStoreRandomMac&)";
        "OHOS::Wifi::WifiNetAgent::DelInterfaceAddress(std::__h::basic_string<char, std::__h::char_traits<char>, std::__h::allocator<char>> const&, std::__h::basic_string<char, std::__h::char_traits<char>, std::__h::allocator<char>> const&, int)";
        "OHOS::Wifi::WifiScanManager::StartUnloadScanSaTimer()";
        "OHOS::Wifi::WifiTogglerManager::ScanOnlyToggled(int)";
        "OHOS::Wifi::WifiHotspotManager::StartUnloadApSaTimer()";
        "OHOS::Wifi::WifiTogglerManager::GetControllerMachine()";
        "OHOS::Wifi::WifiTogglerManager::SoftapToggled(int, int)";
        "OHOS::Wifi::WifiMultiVapManager::CheckCanUseSoftAp()";
        "OHOS::Wifi::WifiP2pManager::StartUnloadP2PSaTimer()";
        "OHOS::Wifi::WifiP2pManager::GetP2pCallback()";
        "OHOS::Wifi::WifiP2pManager::StopUnloadP2PSaTimer()";
        "OHOS::Wifi::WifiMultiVapManager::CheckCanUseP2p()";
        "OHOS::Wifi::WifiP2pManager::AutoStartP2pService()";
        "OHOS::Wifi::WifiStaManager::StartUnloadStaSaTimer()";
        "OHOS::Wifi::WifiTogglerManager::WifiToggled(int, int)";
        "OHOS::Wifi::WifiTogglerManager::StartWifiToggledTimer()";
        "OHOS::Wifi::WifiTogglerManager::StopSemiWifiToggledTimer()";
        "OHOS::Wifi::WifiTogglerManager::StopWifiToggledTimer()";
        "OHOS::Wifi::WifiProtectManager::IsHeldWifiProtect(std::__h::basic_string<char, std::__h::char_traits<char>, std::__h::allocator<char>> const&)";
        "OHOS::Wifi::WifiMultiVapManager::VapConflictReport()";
        "OHOS::Wifi::WifiMultiVapManager::CheckP2pConnected()";
        "OHOS::Wifi::WifiMultiVapManager::CheckEnhanceWifiConnected()";
        "OHOS::Wifi::WifiTogglerManager::SoftapToggled(int, int)";
        "OHOS::Wifi::WifiTogglerManager::StartSemiWifiToggledTimer()";
        "OHOS::Wifi::WifiTogglerManager::IsSatelliteStateStart()";
        "OHOS::Wifi::WifiTogglerManager::SatelliteToggled(int)";
        "OHOS::Wifi::WifiP2pManager::HasP2pActivatedBefore()";
        "OHOS::Wifi::WifiSettings::GetPackageInfoByName(std::__h::basic_string<char, std::__h::char_traits<char>, std::__h::allocator<char>>, std::__h::vector<OHOS::Wifi::PackageInfo, std::__h::allocator<OHOS::Wifi::PackageInfo>>&)";
        "OHOS::Wifi::WifiSecurityDetect::GetInstance()";
        "OHOS::Wifi::WifiSecurityDetect::GetStaCallback() const";
        "OHOS::Wifi::WifiSecurityDetect::SecurityDetectThread_";
        "OHOS::Wifi::WifiSecurityDetect::SettingDataOnOff()";
        "OHOS::Wifi::WifiSecurityDetect::SecurityDetect(OHOS::Wifi::WifiDeviceConfig const&, int)";
        "OHOS::Wifi::WifiChannelHelper::GetAvailableScanFreqs(OHOS::Wifi::ScanBandType, std::__h::vector<int, std::__h::allocator<int>>&)";
        "OHOS::Wifi::WifiChannelHelper::UpdateValidFreqs()";
        "OHOS::Wifi::ApConfigUse::GetInstance()";
        "OHOS::Wifi::ApConfigUse::GetApVaildBands(std::__h::vector<OHOS::Wifi::BandType, std::__h::allocator<OHOS::Wifi::BandType>>&) const";
        "OHOS::Wifi::ApConfigUse::GetApVaildChannel(OHOS::Wifi::BandType, std::__h::vector<int, std::__h::allocator<int>>&) const";
        "OHOS::Wifi::ApConfigUse::UpdateApChannelConfig(OHOS::Wifi::HotspotConfig&) const";
    };
    local:
        *;
};