1.0 {
    global:
        Hid2d*;
        RegisterCfgChangCallback;
        UnregisterCfgChangCallback;
        EnableP2p;
        DisableP2p;
        GetP2pEnableStatus;
        DiscoverDevices;
        StopDiscoverDevices;
        DiscoverServices;
        StopDiscoverServices;
        StartP2pListen;
        StopP2pListen;
        CreateGroup;
        RemoveGroup;
        DeleteGroup;
        P2pConnect;
        P2pCancelConnect;
        GetCurrentGroup;
        GetP2pConnectedStatus;
        QueryP2pDevices;
        QueryP2pLocalDevice;
        QueryP2pGroups;
        RegisterP2pStateChangedCallback;
        RegisterP2pPersistentGroupsChangedCallback;
        RegisterP2pConnectionChangedCallback;
        RegisterP2pPeersChangedCallback;
        EnableHotspot;
        DisableHotspot;
        SetHotspotConfig;
        GetHotspotConfig;
        IsHotspotActive;
        GetStationList;
        DisassociateSta;
        AddTxPowerInfo;
        SetBand;
        GetBand;
        IsWifiActive;
        EnableWifi;
        DisableWifi;
        Scan;
        GetScanInfoList;
        AddDeviceConfig;
        GetDeviceConfigs;
        RemoveDevice;
        DisableDeviceConfig;
        EnableDeviceConfig;
        ConnectTo;
        ConnectToDevice;
        Disconnect;
        GetLinkedInfo;
        GetDisconnectedReason;
        GetDeviceMacAddress;
        GetApIfaceName;
        AdvanceScan;
        GetIpInfo;
        GetSignalLevel;
        SetLowLatencyMode;
        IsBandTypeSupported;
        Get5GHzChannelList;
        RegisterWifiEvent;
        UnRegisterWifiEvent;
        StartPortalCertification;
        extern "C++" {
            "OHOS::Wifi::WifiDevice::GetInstance(int, int)";
            "OHOS::Wifi::WifiScan::GetInstance(int, int)";
            "OHOS::Wifi::WifiHotspot::GetInstance(int, int)";
            "OHOS::Wifi::WifiP2p::GetInstance(int)";
            OHOS::Wifi::WifiP2pLinkedInfo::*;
            OHOS::Wifi::WifiP2pDevice::*;
            "OHOS::Wifi::WifiAbilityStatusChange::Init(int)";
            VTT?for?OHOS::Wifi::WifiAbilityStatusChange;
            OHOS::Wifi::WifiP2pGroupInfo::*;
            OHOS::Wifi::WifiP2pConfig::*;
            OHOS::Wifi::WifiP2pServiceInfo::*;
            OHOS::Wifi::WifiP2pWfdInfo::*;
            OHOS::Wifi::WpsInfo::*;
            OHOS::Wifi::WifiP2pConfigInternal::*;
            OHOS::Wifi::WifiP2pServiceRequest::*;
            OHOS::Wifi::WifiP2pServiceResponse::*;
            OHOS::Wifi::P2pVendorConfig::*;
            "OHOS::Wifi::WifiAbilityStatusChange::OnRemoveSystemAbility(int, std::__h::basic_string<char, std::__h::char_traits<char>, std::__h::allocator<char>> const&)";
            "OHOS::Wifi::WifiAbilityStatusChange::OnAddSystemAbility(int, std::__h::basic_string<char, std::__h::char_traits<char>, std::__h::allocator<char>> const&)";
            "non-virtual thunk to OHOS::Wifi::WifiAbilityStatusChange::OnRemoveSystemAbility(int, std::__h::basic_string<char, std::__h::char_traits<char>, std::__h::allocator<char>> const&)";
            "non-virtual thunk to OHOS::Wifi::WifiAbilityStatusChange::OnAddSystemAbility(int, std::__h::basic_string<char, std::__h::char_traits<char>, std::__h::allocator<char>> const&)";
            "OHOS::Wifi::IpStrToArray(std::__h::basic_string<char, std::__h::char_traits<char>, std::__h::allocator<char>> const&, unsigned int*)";
            "OHOS::Wifi::IpArrayToStr(unsigned int const*)";
            OHOS::Wifi::WifiDeviceCallBackStub::*;
            OHOS::Wifi::WifiHotspotCallbackStub::*;
            "OHOS::Wifi::WifiEapConfig::Phase2MethodToStr(std::__h::basic_string<char, std::__h::char_traits<char>, std::__h::allocator<char>> const&, int const&)";
            "OHOS::Wifi::WifiEapConfig::Phase2MethodFromStr(std::__h::basic_string<char, std::__h::char_traits<char>, std::__h::allocator<char>> const&)";
            OHOS::Wifi::WifiP2pCallbackStub::*;
            OHOS::Wifi::WifiScanCallbackStub::*;
            OHOS::Wifi::NetworkSelection::*;
        };
    local:
        *;
};