1.0 {
    global:   
        "*AddIpAddress*";
        "*AppParser*";
        "*ArpChecker*";
        "*BaseAddress*";
        "*CheckMacIsValid*";
        "*ClearAllIpAddress*";
        "*ConvertArrayToHex*";
        "*ConvertCharToInt*";
        "*ConvertConnStateInternal*";
        "*ConvertDecStrToHexStr*";
        "*ConvertDeviceCfgToBackupCfg*";
        "*ConvertMncToIso*";
        "*ConvertStringToInt*";
        "*DhcpdInterface*";
        "*Dump*";
        "*EncryptedData*";
        "*FetchApOrP2pIpAddress*";
        "*FetchInterfaceConfig*";
        "*FetchIpAddress*";
        "*GetAllIpv6Address*";
        "*GetIpv4Address*";
        "*GetParamValue*";
        "*GetRandomInt*";
        "*GetRandomStr*";
        "*HexStringToVec*";
        "*IfConfig*";
        "*IpAddressChange*";
        "*IpTools*";
        "*Ipv4Address*";
        "*Ipv6Address*";
        "*IsAllowScanAnyTime*";
        "*IsChannelDbac*";
        "*IsFactoryMode*";
        "*IsPskEncryption*";
        "*IsExistAddressForInterface*";
        "*IsFreqDbac*";
        "*IsStartUpWifiEnableSupport*";
        "*IsValid24GChannel*";
        "*IsValid24GHz*";
        "*IsValid5GChannel*";
        "*IsValid5GHz*";
        "*IsValidCountryCode*";
        "*IsValidInterfaceName*";
        "*IsValidateNum*";
        "*MacAddress*";
        "*WifiRandomMacHelper*";
        "*NetworkXmlParser*";
        "*SaveIpAddress*";
        "*SetParamValue*";
        "*SoftapXmlParser*";
        "*SplitString*";
        "*SplitStringBySubstring*";
        "*SplitStringToIntVector*";
        "*StrToUpper*";
        "*TransformChannelToBand*";
        "*TransformFreqToBand*";
        "*TransformFrequencyIntoChannel*";
        "*ValidateString*";
        "*Vec2Stream*";
        "*WatchParamValue*";
        "*WifiCertUtils*";
        "*WifiCommonEventHelper*";
        "*WifiDecryption*";
        "*WifiEncryption*";
        "*WifiEncryptionInfo*";
        "*WifiLoopDecrypt*";
        "*WifiLoopEncrypt*";
        "*P2p*";
        "*WpsInfo*";
        "*WifiSettings*";
        "*WriteDataToFile*";
        "*XmlParser*";
        "*WifiBackupConfig*";
        "*WifiConfigCenter*";
        "*WifiCodeConvertUtil*";
        "*WifiScanConfig*";
        "*WifiCodeConvert*";
        "*CloudAssetSyn*";
        "*WifiAssetManager*GetInstance*";
        "*InitUpLoadLocalDeviceSync*";
    local:
        *;
};