1.0 {
    global:   
   extern "C++" {
          "OHOS::Wifi::WifiCodeConvertUtil::IsUtf8(const std::string&)";
          "OHOS::Wifi::WifiCodeConvertUtil::GbkToUtf8(const std::string&)";
          "OHOS::Wifi::WifiAssetManager::GetInstance()";
          "OHOS::Wifi::WifiAssetManager::WifiAssetTriggerSync()";
          "OHOS::Wifi::ArpChecker::Stop()";
          "OHOS::Wifi::ArpChecker::~ArpChecker()";
          "OHOS::Wifi::ArpChecker::ArpChecker()";
          "OHOS::Wifi::WifiConfigCenter::GetInstance()";
          "OHOS::Wifi::WifiConfigCenter::Init()";
          "OHOS::Wifi::WifiConfigCenter::SetWifiSelfcureReset(bool)";
          "OHOS::Wifi::WifiConfigCenter::GetWifiSelfcureReset() const";
          "OHOS::Wifi::WifiConfigCenter::SetWifiSelfcureResetEntered(bool)";
          "OHOS::Wifi::WifiConfigCenter::GetWifiSelfcureResetEntered() const";
          "OHOS::Wifi::WifiConfigCenter::SetLastNetworkId(int)";
          "OHOS::Wifi::WifiConfigCenter::GetLastNetworkId() const";
          "OHOS::Wifi::WifiConfigCenter::SetSelectedCandidateNetworkId(int)";
          "OHOS::Wifi::WifiConfigCenter::GetSelectedCandidateNetworkId() const";
          "OHOS::Wifi::WifiConfigCenter::SetWifiAllowSemiActive(bool)";
          "OHOS::Wifi::WifiConfigCenter::GetWifiScanConfig()";
          "OHOS::Wifi::WifiConfigCenter::GetWifiAllowSemiActive() const";
          "OHOS::Wifi::WifiConfigCenter::SetWifiStopState(bool)";
          "OHOS::Wifi::WifiConfigCenter::GetWifiStopState() const";
          "OHOS::Wifi::WifiConfigCenter::SetStaIfaceName(std::__h::basic_string<char, std::__h::char_traits<char>, std::__h::allocator<char>> const&, int)";
          "OHOS::Wifi::WifiConfigCenter::GetStaIfaceName(int)";
          "OHOS::Wifi::WifiConfigCenter::GetWifiState(int)";
          "OHOS::Wifi::WifiConfigCenter::SetWifiState(int, int)";
          "OHOS::Wifi::WifiConfigCenter::GetWifiDetailState(int)";
          "OHOS::Wifi::WifiConfigCenter::SetWifiDetailState(OHOS::Wifi::WifiDetailState, int)";
          "OHOS::Wifi::WifiConfigCenter::GetWifiMidState(int)";
          "OHOS::Wifi::WifiConfigCenter::SetWifiMidState(OHOS::Wifi::WifiOprMidState, OHOS::Wifi::WifiOprMidState, int)";
          "OHOS::Wifi::WifiConfigCenter::SetWifiMidState(OHOS::Wifi::WifiOprMidState, int)";
          "OHOS::Wifi::WifiConfigCenter::SetWifiStaCloseTime(int)";
          "OHOS::Wifi::WifiConfigCenter::GetWifiStaInterval(int)";
          "OHOS::Wifi::WifiConfigCenter::GetWifiConnectedMode(int)";
          "OHOS::Wifi::WifiConfigCenter::SetWifiConnectedMode(bool, int)";
          "OHOS::Wifi::WifiConfigCenter::SetChangeDeviceConfig(OHOS::Wifi::ConfigChange, OHOS::Wifi::WifiDeviceConfig const&)";
          "OHOS::Wifi::WifiConfigCenter::GetChangeDeviceConfig(OHOS::Wifi::ConfigChange&, OHOS::Wifi::WifiDeviceConfig&)";
          "OHOS::Wifi::WifiConfigCenter::GetIpInfo(OHOS::Wifi::IpInfo&, int)";
          "OHOS::Wifi::WifiConfigCenter::SaveIpInfo(OHOS::Wifi::IpInfo const&, int)";
          "OHOS::Wifi::WifiConfigCenter::GetIpv6Info(OHOS::Wifi::IpV6Info&, int)";
          "OHOS::Wifi::WifiConfigCenter::SaveIpV6Info(OHOS::Wifi::IpV6Info const&, int)";
          "OHOS::Wifi::WifiConfigCenter::GetAllWifiLinkedInfo()";
          "OHOS::Wifi::WifiConfigCenter::SaveLinkedInfo(OHOS::Wifi::WifiLinkedInfo const&, int)";
          "OHOS::Wifi::WifiConfigCenter::SaveMloLinkedInfo(std::__h::vector<OHOS::Wifi::WifiLinkedInfo, std::__h::allocator<OHOS::Wifi::WifiLinkedInfo>> const&, int)";
          "OHOS::Wifi::WifiConfigCenter::GetMloLinkedInfo(std::__h::vector<OHOS::Wifi::WifiLinkedInfo, std::__h::allocator<OHOS::Wifi::WifiLinkedInfo>>&, int)";
          "OHOS::Wifi::WifiConfigCenter::SetMacAddress(const std::string&, int)";
          "OHOS::Wifi::WifiConfigCenter::GetMacAddress(std::string&, int)";
          "OHOS::Wifi::WifiConfigCenter::SetUserLastSelectedNetworkId(int, int)";
          "OHOS::Wifi::WifiConfigCenter::GetUserLastSelectedNetworkId(int)";
          "OHOS::Wifi::WifiConfigCenter::GetUserLastSelectedNetworkTimeVal(int)";
          "OHOS::Wifi::WifiConfigCenter::GetConnectTimeoutBssid(int)";
          "OHOS::Wifi::WifiConfigCenter::SetConnectTimeoutBssid(std::__h::basic_string<char, std::__h::char_traits<char>, std::__h::allocator<char>>&, int)";
          "OHOS::Wifi::WifiConfigCenter::SaveDisconnectedReason(OHOS::Wifi::DisconnectedReason, int)";
          "OHOS::Wifi::WifiConfigCenter::GetDisconnectedReason(OHOS::Wifi::DisconnectedReason&, int)";
          "OHOS::Wifi::WifiConfigCenter::InsertWifi6BlackListCache(std::__h::basic_string<char, std::__h::char_traits<char>, std::__h::allocator<char>>, OHOS::Wifi::Wifi6BlackListInfo)";
          "OHOS::Wifi::WifiConfigCenter::RemoveWifi6BlackListCache(std::__h::basic_string<char, std::__h::char_traits<char>, std::__h::allocator<char>>)";
          "OHOS::Wifi::WifiConfigCenter::GetWifi6BlackListCache(std::__h::map<std::__h::basic_string<char, std::__h::char_traits<char>, std::__h::allocator<char>>, OHOS::Wifi::Wifi6BlackListInfo, std::__h::less<std::__h::basic_string<char, std::__h::char_traits<char>, std::__h::allocator<char>>>, std::__h::allocator<std::__h::pair<std::__h::basic_string<char, std::__h::char_traits<char>, std::__h::allocator<char>> const, OHOS::Wifi::Wifi6BlackListInfo>>>&)";
          "OHOS::Wifi::WifiConfigCenter::EnableNetwork(int, bool, int)";
          "OHOS::Wifi::WifiConfigCenter::GetScanMidState(int)";
          "OHOS::Wifi::WifiConfigCenter::SetScanMidState(OHOS::Wifi::WifiOprMidState, OHOS::Wifi::WifiOprMidState, int)";
          "OHOS::Wifi::WifiConfigCenter::SetScanMidState(OHOS::Wifi::WifiOprMidState, int)";
          "OHOS::Wifi::WifiConfigCenter::GetWifiScanOnlyMidState(int)";
          "OHOS::Wifi::WifiConfigCenter::SetWifiScanOnlyMidState(OHOS::Wifi::WifiOprMidState, OHOS::Wifi::WifiOprMidState, int)";
          "OHOS::Wifi::WifiConfigCenter::SetWifiScanOnlyMidState(OHOS::Wifi::WifiOprMidState, int)";
          "OHOS::Wifi::WifiConfigCenter::SetWifiLinkedStandardAndMaxSpeed(OHOS::Wifi::WifiLinkedInfo&)";
          "OHOS::Wifi::WifiConfigCenter::CheckScanOnlyAvailable(int)";
          "OHOS::Wifi::WifiConfigCenter::GetConnectedBssid(int)";
          "OHOS::Wifi::WifiConfigCenter::SetSoftapToggledState(bool)";
          "OHOS::Wifi::WifiConfigCenter::GetSoftapToggledState() const";
          "OHOS::Wifi::WifiConfigCenter::SetHotspotIdleTimeout(int)";
          "OHOS::Wifi::WifiConfigCenter::GetHotspotIdleTimeout() const";
          "OHOS::Wifi::WifiConfigCenter::SetApIfaceName(std::__h::basic_string<char, std::__h::char_traits<char>, std::__h::allocator<char>> const&)";
          "OHOS::Wifi::WifiConfigCenter::GetApIfaceName()";
          "OHOS::Wifi::WifiConfigCenter::GetApMidState(int)";
          "OHOS::Wifi::WifiConfigCenter::SetApMidState(OHOS::Wifi::WifiOprMidState, OHOS::Wifi::WifiOprMidState, int)";
          "OHOS::Wifi::WifiConfigCenter::SetApMidState(OHOS::Wifi::WifiOprMidState, int)";
          "OHOS::Wifi::WifiConfigCenter::GetHotspotState(int)";
          "OHOS::Wifi::WifiConfigCenter::SetHotspotState(int, int)";
          "OHOS::Wifi::WifiConfigCenter::SetHotspotMacConfig(OHOS::Wifi::HotspotMacConfig const&, int)";
          "OHOS::Wifi::WifiConfigCenter::GetHotspotMacConfig(OHOS::Wifi::HotspotMacConfig&, int)";
          "OHOS::Wifi::WifiConfigCenter::SetPowerModel(OHOS::Wifi::PowerModel const&, int)";
          "OHOS::Wifi::WifiConfigCenter::GetPowerModel(OHOS::Wifi::PowerModel&, int)";
          "OHOS::Wifi::WifiConfigCenter::GetStationList(std::__h::vector<OHOS::Wifi::StationInfo, std::__h::allocator<OHOS::Wifi::StationInfo>>&, int)";
          "OHOS::Wifi::WifiConfigCenter::ManageStation(OHOS::Wifi::StationInfo const&, int, int)";
          "OHOS::Wifi::WifiConfigCenter::ClearStationList(int)";
          "OHOS::Wifi::WifiConfigCenter::SetP2pIfaceName(const std::string&)";
          "OHOS::Wifi::WifiConfigCenter::GetP2pIfaceName()";
          "OHOS::Wifi::WifiConfigCenter::SetHid2dUpperScene(int, OHOS::Wifi::Hid2dUpperScene const&)";
          "OHOS::Wifi::WifiConfigCenter::GetHid2dUpperScene(int, OHOS::Wifi::Hid2dUpperScene&)";
          "OHOS::Wifi::WifiConfigCenter::SetHid2dSceneLastSetTime(long long)";
          "OHOS::Wifi::WifiConfigCenter::SetHid2dSceneLastSetTime(long)";
          "OHOS::Wifi::WifiConfigCenter::GetHid2dSceneLastSetTime()";
          "OHOS::Wifi::WifiConfigCenter::ClearLocalHid2dInfo(int)";
          "OHOS::Wifi::WifiConfigCenter::SetP2pEnhanceState(int)";
          "OHOS::Wifi::WifiConfigCenter::GetP2pEnhanceState()";
          "OHOS::Wifi::WifiConfigCenter::GetP2pMidState()";
          "OHOS::Wifi::WifiConfigCenter::SetP2pMidState(OHOS::Wifi::WifiOprMidState, OHOS::Wifi::WifiOprMidState)";
          "OHOS::Wifi::WifiConfigCenter::SetP2pMidState(OHOS::Wifi::WifiOprMidState)";
          "OHOS::Wifi::WifiConfigCenter::SetP2pState(int)";
          "OHOS::Wifi::WifiConfigCenter::GetP2pState()";
          "OHOS::Wifi::WifiConfigCenter::SetP2pDiscoverState(int)";
          "OHOS::Wifi::WifiConfigCenter::GetP2pDiscoverState()";
          "OHOS::Wifi::WifiConfigCenter::SetP2pBusinessType(const OHOS::Wifi::P2pBusinessType&)";
          "OHOS::Wifi::WifiConfigCenter::GetP2pBusinessType(OHOS::Wifi::P2pBusinessType&)";
          "OHOS::Wifi::WifiConfigCenter::SaveP2pCreatorUid(int)";
          "OHOS::Wifi::WifiConfigCenter::GetP2pCreatorUid()";
          "OHOS::Wifi::WifiConfigCenter::SetExplicitGroup(bool)";
          "OHOS::Wifi::WifiConfigCenter::IsExplicitGroup()";
          "OHOS::Wifi::WifiConfigCenter::SaveP2pInfo(OHOS::Wifi::WifiP2pLinkedInfo&)";
          "OHOS::Wifi::WifiConfigCenter::GetP2pInfo(OHOS::Wifi::WifiP2pLinkedInfo&)";
          "OHOS::Wifi::WifiConfigCenter::SetCurrentP2pGroupInfo(const OHOS::Wifi::WifiP2pGroupInfo&)";
          "OHOS::Wifi::WifiConfigCenter::GetCurrentP2pGroupInfo()";
          "OHOS::Wifi::WifiConfigCenter::SetCoexSupport(bool)";
          "OHOS::Wifi::WifiConfigCenter::GetCoexSupport() const";
          "OHOS::Wifi::WifiConfigCenter::SetScreenState(int const&)";
          "OHOS::Wifi::WifiConfigCenter::GetScreenState() const";
          "OHOS::Wifi::WifiConfigCenter::SetThermalLevel(int const&)";
          "OHOS::Wifi::WifiConfigCenter::GetThermalLevel() const";
          "OHOS::Wifi::WifiConfigCenter::SetPowerIdelState(int const&)";
          "OHOS::Wifi::WifiConfigCenter::GetPowerIdelState() const";
          "OHOS::Wifi::WifiConfigCenter::SetGnssFixState(const int&)";
          "OHOS::Wifi::WifiConfigCenter::GetGnssFixState() const";
          "OHOS::Wifi::WifiConfigCenter::SetScanGenieState(const int&)";
          "OHOS::Wifi::WifiConfigCenter::GetScanGenieState() const";
          "OHOS::Wifi::WifiConfigCenter::SetWifiStateOnAirplaneChanged(int const&)";
          "OHOS::Wifi::WifiConfigCenter::GetAirplaneModeState() const";
          "OHOS::Wifi::WifiConfigCenter::GetWifiToggledEnable(int)";
          "OHOS::Wifi::WifiConfigCenter::SetWifiToggledState(int, int)";
          "OHOS::Wifi::WifiConfigCenter::SetPowerSavingModeState(const int&)";
          "OHOS::Wifi::WifiConfigCenter::GetPowerSavingModeState() const";
          "OHOS::Wifi::WifiConfigCenter::SetFreezeModeState(int)";
          "OHOS::Wifi::WifiConfigCenter::GetFreezeModeState() const";
          "OHOS::Wifi::WifiConfigCenter::SetNoChargerPlugModeState(int)";
          "OHOS::Wifi::WifiConfigCenter::GetNoChargerPlugModeState() const";
          "OHOS::Wifi::WifiConfigCenter::SetThreadStatusFlag(bool)";
          "OHOS::Wifi::WifiConfigCenter::GetThreadStatusFlag() const";
          "OHOS::Wifi::WifiConfigCenter::GetThreadStartTime() const";
          "OHOS::Wifi::WifiConfigCenter::GetRandomMacAddr(OHOS::Wifi::WifiMacAddrInfoType, std::string)";
          "OHOS::Wifi::WifiConfigCenter::GetMacAddrPairs(OHOS::Wifi::WifiMacAddrInfoType, OHOS::Wifi::WifiMacAddrInfo const&)";
          "OHOS::Wifi::WifiConfigCenter::ClearMacAddrPairs(OHOS::Wifi::WifiMacAddrInfoType)";
          "OHOS::Wifi::WifiConfigCenter::GetAllWifiLinkedNetworkId()";
          "OHOS::Wifi::WifiConfigCenter::SetPersistWifiState(int, int)";
          "OHOS::Wifi::WifiConfigCenter::GetPersistWifiState(int)";
          "OHOS::Wifi::WifiConfigCenter::HasWifiActive()";
          "OHOS::Wifi::WifiConfigCenter::RemoveMacAddrPairInfo(OHOS::Wifi::WifiMacAddrInfoType, std::__h::basic_string<char, std::__h::char_traits<char>, std::__h::allocator<char>>, int)";
          "OHOS::Wifi::WifiConfigCenter::UpdateLinkedInfo(int)";
          "OHOS::Wifi::WifiConfigCenter::InsertWifiCategoryBlackListCache(int, std::__h::basic_string<char, std::__h::char_traits<char>, std::__h::allocator<char>>, OHOS::Wifi::WifiCategoryBlackListInfo)";
          "OHOS::Wifi::WifiConfigCenter::GetWifiCategoryBlackListCache(int, std::__h::map<std::__h::basic_string<char, std::__h::char_traits<char>, std::__h::allocator<char>>, OHOS::Wifi::WifiCategoryBlackListInfo, std::__h::less<std::__h::basic_string<char, std::__h::char_traits<char>, std::__h::allocator<char>>>, std::__h::allocator<std::__h::pair<std::__h::basic_string<char, std::__h::char_traits<char>, std::__h::allocator<char>> const, OHOS::Wifi::WifiCategoryBlackListInfo>>>&)";
          "OHOS::Wifi::WifiConfigCenter::RemoveWifiCategoryBlackListCache(int, std::__h::basic_string<char, std::__h::char_traits<char>, std::__h::allocator<char>>)";
          "OHOS::Wifi::WifiConfigCenter::GetWifiConnectFailListCache(std::__h::map<std::__h::basic_string<char, std::__h::char_traits<char>, std::__h::allocator<char>>, OHOS::Wifi::WifiCategoryConnectFailInfo, std::__h::less<std::__h::basic_string<char, std::__h::char_traits<char>, std::__h::allocator<char>>>, std::__h::allocator<std::__h::pair<std::__h::basic_string<char, std::__h::char_traits<char>, std::__h::allocator<char>> const, OHOS::Wifi::WifiCategoryConnectFailInfo>>>&)";
          "OHOS::Wifi::WifiConfigCenter::UpdateWifiConnectFailListCache(int, std::__h::basic_string<char, std::__h::char_traits<char>, std::__h::allocator<char>>, OHOS::Wifi::WifiCategoryConnectFailInfo)";
          "OHOS::Wifi::WifiConfigCenter::RemoveWifiConnectFailListCache(std::__h::basic_string<char, std::__h::char_traits<char>, std::__h::allocator<char>>)";
          "OHOS::Wifi::WifiScanConfig::GetScanDeviceInfo(OHOS::Wifi::WifiScanDeviceInfo&)";
          "OHOS::Wifi::WifiScanConfig::SaveScanDeviceInfo(OHOS::Wifi::WifiScanDeviceInfo&)";
          "OHOS::Wifi::WifiScanConfig::SetAppRunningState(OHOS::Wifi::ScanMode)";
          "OHOS::Wifi::WifiScanConfig::GetAppRunningState()";
          "OHOS::Wifi::WifiScanConfig::SetScanType(OHOS::Wifi::ScanType)";
          "OHOS::Wifi::WifiScanConfig::GetScanType()";
          "OHOS::Wifi::WifiScanConfig::SetScanInitiatorUid(int)";
          "OHOS::Wifi::WifiScanConfig::GetScanInitiatorUid()";
          "OHOS::Wifi::WifiScanConfig::GetScanDeviceInfo()";
          "OHOS::Wifi::WifiScanConfig::SetStaScene(int const&)";
          "OHOS::Wifi::WifiScanConfig::SetStaSceneForbidCount(int)";
          "OHOS::Wifi::WifiScanConfig::GetStaSceneForbidCount()";
          "OHOS::Wifi::WifiScanConfig::SetScanControlInfo(OHOS::Wifi::tagScanControlInfo const&, int)";
          "OHOS::Wifi::WifiScanConfig::GetScanControlInfo(OHOS::Wifi::tagScanControlInfo&, int)";
          "OHOS::Wifi::WifiScanConfig::SetPackageFilter(std::__h::map<std::__h::basic_string<char, std::__h::char_traits<char>, std::__h::allocator<char>>, std::__h::vector<std::__h::basic_string<char, std::__h::char_traits<char>, std::__h::allocator<char>>, std::__h::allocator<std::__h::basic_string<char, std::__h::char_traits<char>, std::__h::allocator<char>>>>, std::__h::less<std::__h::basic_string<char, std::__h::char_traits<char>, std::__h::allocator<char>>>, std::__h::allocator<std::__h::pair<std::__h::basic_string<char, std::__h::char_traits<char>, std::__h::allocator<char>> const, std::__h::vector<std::__h::basic_string<char, std::__h::char_traits<char>, std::__h::allocator<char>>, std::__h::allocator<std::__h::basic_string<char, std::__h::char_traits<char>, std::__h::allocator<char>>>>>>>&)";
          "OHOS::Wifi::WifiScanConfig::SetMovingFreezeScaned(bool)";
          "OHOS::Wifi::WifiScanConfig::GetMovingFreezeScaned()";
          "OHOS::Wifi::WifiScanConfig::SetAbnormalApps(const std::vector<std::string>&)";
          "OHOS::Wifi::WifiScanConfig::SetAppPackageName(std::__h::basic_string<char, std::__h::char_traits<char>, std::__h::allocator<char>> const&)";
          "OHOS::Wifi::WifiScanConfig::GetAppPackageName()";
          "OHOS::Wifi::WifiScanConfig::SetStaCurrentTime(long long)";
          "OHOS::Wifi::WifiScanConfig::GetStaCurrentTime()";
          "OHOS::Wifi::WifiScanConfig::SaveScanInfoList(std::__h::vector<OHOS::Wifi::WifiScanInfo, std::__h::allocator<OHOS::Wifi::WifiScanInfo>> const&)";
          "OHOS::Wifi::WifiScanConfig::ClearScanInfoList()";
          "OHOS::Wifi::WifiScanConfig::GetScanInfoList(std::__h::vector<OHOS::Wifi::WifiScanInfo, std::__h::allocator<OHOS::Wifi::WifiScanInfo>>&)";
          "OHOS::Wifi::WifiScanConfig::GetScanInfoListInner(std::vector<WifiScanInfo>&)";
          "OHOS::Wifi::WifiScanConfig::RecordWifiCategory(std::__h::basic_string<char, std::__h::char_traits<char>, std::__h::allocator<char>>, OHOS::Wifi::WifiCategory)";
          "OHOS::Wifi::WifiScanConfig::GetWifiCategoryRecord(std::__h::basic_string<char, std::__h::char_traits<char>, std::__h::allocator<char>>)";
          "OHOS::Wifi::WifiScanConfig::CleanWifiCategoryRecord()";
          "OHOS::Wifi::WifiScanConfig::SetStaCurrentTime(long)";
          "OHOS::Wifi::WifiSettings::Init()";
          "OHOS::Wifi::WifiSettings::GetInstance()";
          "OHOS::Wifi::WifiSettings::AddDeviceConfig(OHOS::Wifi::WifiDeviceConfig const&)";
          "OHOS::Wifi::WifiSettings::RemoveDevice(int)";
          "OHOS::Wifi::WifiSettings::ClearDeviceConfig()";
          "OHOS::Wifi::WifiSettings::GetDeviceConfig(std::__h::vector<OHOS::Wifi::WifiDeviceConfig, std::__h::allocator<OHOS::Wifi::WifiDeviceConfig>>&, int)";
          "OHOS::Wifi::WifiSettings::GetDeviceConfig(int const&, OHOS::Wifi::WifiDeviceConfig&, int)";
          "OHOS::Wifi::WifiSettings::GetDeviceConfig(std::__h::basic_string<char, std::__h::char_traits<char>, std::__h::allocator<char>> const&, int const&, OHOS::Wifi::WifiDeviceConfig&, int)";
          "OHOS::Wifi::WifiSettings::GetDeviceConfig(std::__h::basic_string<char, std::__h::char_traits<char>, std::__h::allocator<char>> const&, std::__h::basic_string<char, std::__h::char_traits<char>, std::__h::allocator<char>> const&, OHOS::Wifi::WifiDeviceConfig&, int)";
          "OHOS::Wifi::WifiSettings::SetDeviceState(int, int, bool)";
          "OHOS::Wifi::WifiSettings::SetDeviceEphemeral(int, bool)";
          "OHOS::Wifi::WifiSettings::SetDeviceAfterConnect(int)";
          "OHOS::Wifi::WifiSettings::SetDeviceRandomizedMacSuccessEver(int)";
          "OHOS::Wifi::WifiSettings::SetDeviceEverConnected(int)";
          "OHOS::Wifi::WifiSettings::GetVariablePackageName(std::__h::basic_string<char, std::__h::char_traits<char>, std::__h::allocator<char>>)";
          "OHOS::Wifi::WifiSettings::SetAcceptUnvalidated(int)";
          "OHOS::Wifi::WifiSettings::GetDeviceEverConnected(int)";
          "OHOS::Wifi::WifiSettings::GetAcceptUnvalidated(int)";
          "OHOS::Wifi::WifiSettings::SetWifiToggleCaller(int, int)";
          "OHOS::Wifi::WifiSettings::GetPackageName(std::__h::basic_string<char, std::__h::char_traits<char>, std::__h::allocator<char>>)";
          "OHOS::Wifi::WifiSettings::GetPackageInfoMap(std::__h::map<std::__h::basic_string<char, std::__h::char_traits<char>, std::__h::allocator<char>>, std::__h::vector<OHOS::Wifi::PackageInfo, std::__h::allocator<OHOS::Wifi::PackageInfo>>, std::__h::less<std::__h::basic_string<char, std::__h::char_traits<char>, std::__h::allocator<char>>>, std::__h::allocator<std::__h::pair<std::__h::basic_string<char, std::__h::char_traits<char>, std::__h::allocator<char>> const, std::__h::vector<OHOS::Wifi::PackageInfo, std::__h::allocator<OHOS::Wifi::PackageInfo>>>>>&)";
          "OHOS::Wifi::WifiScanConfig::SetPackageInfo(std::__h::map<std::__h::basic_string<char, std::__h::char_traits<char>, std::__h::allocator<char>>, std::__h::vector<OHOS::Wifi::PackageInfo, std::__h::allocator<OHOS::Wifi::PackageInfo>>, std::__h::less<std::__h::basic_string<char, std::__h::char_traits<char>, std::__h::allocator<char>>>, std::__h::allocator<std::__h::pair<std::__h::basic_string<char, std::__h::char_traits<char>, std::__h::allocator<char>> const, std::__h::vector<OHOS::Wifi::PackageInfo, std::__h::allocator<OHOS::Wifi::PackageInfo>>>>>&)";
          "OHOS::Wifi::WifiSettings::GetCandidateConfig(int, std::__h::basic_string<char, std::__h::char_traits<char>, std::__h::allocator<char>> const&, std::__h::basic_string<char, std::__h::char_traits<char>, std::__h::allocator<char>> const&, OHOS::Wifi::WifiDeviceConfig&)";
          "OHOS::Wifi::WifiSettings::GetCandidateConfig(int, int const&, OHOS::Wifi::WifiDeviceConfig&)";
          "OHOS::Wifi::WifiSettings::GetAllCandidateConfig(int, std::__h::vector<OHOS::Wifi::WifiDeviceConfig, std::__h::allocator<OHOS::Wifi::WifiDeviceConfig>>&)";
          "OHOS::Wifi::WifiSettings::IncreaseDeviceConnFailedCount(std::__h::basic_string<char, std::__h::char_traits<char>, std::__h::allocator<char>> const&, int const&, int)";
          "OHOS::Wifi::WifiSettings::SetDeviceConnFailedCount(std::__h::basic_string<char, std::__h::char_traits<char>, std::__h::allocator<char>> const&, int const&, int)";
          "OHOS::Wifi::WifiSettings::SyncDeviceConfig()";
          "OHOS::Wifi::WifiSettings::ReloadDeviceConfig()";
          "OHOS::Wifi::WifiSettings::GetNextNetworkId()";
          "OHOS::Wifi::WifiSettings::AddWpsDeviceConfig(OHOS::Wifi::WifiDeviceConfig const&)";
          "OHOS::Wifi::WifiSettings::OnRestore(OHOS::UniqueFdAddDeletor<OHOS::DefaultDeleter>&, std::__h::basic_string<char, std::__h::char_traits<char>, std::__h::allocator<char>> const&)";
          "OHOS::Wifi::WifiSettings::OnBackup(OHOS::UniqueFdAddDeletor<OHOS::DefaultDeleter>&, std::__h::basic_string<char, std::__h::char_traits<char>, std::__h::allocator<char>> const&)";
          "OHOS::Wifi::WifiSettings::MergeWifiCloneConfig(std::__h::basic_string<char, std::__h::char_traits<char>, std::__h::allocator<char>>&)";
          "OHOS::Wifi::WifiSettings::SetBackupReplyCode(int)";
          "OHOS::Wifi::WifiSettings::RemoveBackupFile()";
          "OHOS::Wifi::WifiSettings::AddRandomMac(OHOS::Wifi::WifiStoreRandomMac&)";
          "OHOS::Wifi::WifiSettings::GetRandomMac(OHOS::Wifi::WifiStoreRandomMac&)";
          "OHOS::Wifi::WifiSettings::ReloadTrustListPolicies()";
          "OHOS::Wifi::WifiSettings::ReloadMovingFreezePolicy()";
          "OHOS::Wifi::WifiSettings::GetPackageFilterMap(std::__h::map<std::__h::basic_string<char, std::__h::char_traits<char>, std::__h::allocator<char>>, std::__h::vector<std::__h::basic_string<char, std::__h::char_traits<char>, std::__h::allocator<char>>, std::__h::allocator<std::__h::basic_string<char, std::__h::char_traits<char>, std::__h::allocator<char>>>>, std::__h::less<std::__h::basic_string<char, std::__h::char_traits<char>, std::__h::allocator<char>>>, std::__h::allocator<std::__h::pair<std::__h::basic_string<char, std::__h::char_traits<char>, std::__h::allocator<char>> const, std::__h::vector<std::__h::basic_string<char, std::__h::char_traits<char>, std::__h::allocator<char>>, std::__h::allocator<std::__h::basic_string<char, std::__h::char_traits<char>, std::__h::allocator<char>>>>>>>&)";
          "OHOS::Wifi::WifiSettings::GetVariableMap(std::__h::map<std::__h::basic_string<char, std::__h::char_traits<char>, std::__h::allocator<char>>, std::__h::basic_string<char, std::__h::char_traits<char>, std::__h::allocator<char>>, std::__h::less<std::__h::basic_string<char, std::__h::char_traits<char>, std::__h::allocator<char>>>, std::__h::allocator<std::__h::pair<std::__h::basic_string<char, std::__h::char_traits<char>, std::__h::allocator<char>> const, std::__h::basic_string<char, std::__h::char_traits<char>, std::__h::allocator<char>>>>>&)";
          "OHOS::Wifi::WifiSettings::SyncHotspotConfig()";
          "OHOS::Wifi::WifiSettings::SetHotspotConfig(OHOS::Wifi::HotspotConfig const&, int)";
          "OHOS::Wifi::WifiSettings::GetHotspotConfig(OHOS::Wifi::HotspotConfig&, int)";
          "OHOS::Wifi::WifiSettings::ClearHotspotConfig()";
          "OHOS::Wifi::WifiSettings::GetBlockList(std::__h::vector<OHOS::Wifi::StationInfo, std::__h::allocator<OHOS::Wifi::StationInfo>>&, int)";
          "OHOS::Wifi::WifiSettings::ManageBlockList(OHOS::Wifi::StationInfo const&, int, int)";
          "OHOS::Wifi::WifiSettings::SyncWifiP2pGroupInfoConfig()";
          "OHOS::Wifi::WifiSettings::SetWifiP2pGroupInfo(const std::vector<WifiP2pGroupInfo> &)";
          "OHOS::Wifi::WifiSettings::RemoveWifiP2pGroupInfo()";
          "OHOS::Wifi::WifiSettings::RemoveWifiP2pSupplicantGroupInfo()";
          "OHOS::Wifi::WifiSettings::GetWifiP2pGroupInfo(std::vector<WifiP2pGroupInfo> &)";
          "OHOS::Wifi::WifiSettings::SyncP2pVendorConfig()";
          "OHOS::Wifi::WifiSettings::SetP2pDeviceName(const std::string &)";
          "OHOS::Wifi::WifiSettings::SetP2pVendorConfig(const P2pVendorConfig &)";
          "OHOS::Wifi::WifiSettings::GetP2pVendorConfig(P2pVendorConfig &)";
          "OHOS::Wifi::WifiSettings::GetScanAlwaysState(int)";
          "OHOS::Wifi::WifiSettings::GetOperatorWifiType(int)";
          "OHOS::Wifi::WifiSettings::SetOperatorWifiType(int, int)";
          "OHOS::Wifi::WifiSettings::GetLastAirplaneMode(int)";
          "OHOS::Wifi::WifiSettings::SetLastAirplaneMode(int, int)";
          "OHOS::Wifi::WifiSettings::GetCanOpenStaWhenAirplaneMode(int)";
          "OHOS::Wifi::WifiSettings::SetWifiFlagOnAirplaneMode(bool, int)";
          "OHOS::Wifi::WifiSettings::GetWifiFlagOnAirplaneMode(int)";
          "OHOS::Wifi::WifiSettings::GetWifiDisabledByAirplane(int)";
          "OHOS::Wifi::WifiSettings::SetWifiDisabledByAirplane(bool, int)";
          "OHOS::Wifi::WifiSettings::GetStaLastRunState(int)";
          "OHOS::Wifi::WifiSettings::SetStaLastRunState(int, int)";
          "OHOS::Wifi::WifiSettings::GetDhcpIpType(int)";
          "OHOS::Wifi::WifiSettings::GetWhetherToAllowNetworkSwitchover(int)";
          "OHOS::Wifi::WifiSettings::GetScoretacticsScoreSlope(int)";
          "OHOS::Wifi::WifiSettings::GetScoretacticsInitScore(int)";
          "OHOS::Wifi::WifiSettings::GetScoretacticsSameBssidScore(int)";
          "OHOS::Wifi::WifiSettings::GetScoretacticsSameNetworkScore(int)";
          "OHOS::Wifi::WifiSettings::GetScoretacticsFrequency5GHzScore(int)";
          "OHOS::Wifi::WifiSettings::GetScoretacticsLastSelectionScore(int)";
          "OHOS::Wifi::WifiSettings::GetScoretacticsSecurityScore(int)";
          "OHOS::Wifi::WifiSettings::GetScoretacticsNormalScore(int)";
          "OHOS::Wifi::WifiSettings::GetSavedDeviceAppraisalPriority(int)";
          "OHOS::Wifi::WifiSettings::IsModulePreLoad(std::__h::basic_string<char, std::__h::char_traits<char>, std::__h::allocator<char>> const&)";
          "OHOS::Wifi::WifiSettings::GetSupportHwPnoFlag(int)";
          "OHOS::Wifi::WifiSettings::GetMinRssi2Dot4Ghz(int)";
          "OHOS::Wifi::WifiSettings::GetMinRssi5Ghz(int)";
          "OHOS::Wifi::WifiSettings::SetAcceptUnvalidated(int, bool)";
          "OHOS::Wifi::WifiSettings::SetRealMacAddress(const std::string &, int)";
          "OHOS::Wifi::WifiSettings::GetRealMacAddress(std::string &, int)";
          "OHOS::Wifi::WifiSettings::SetDefaultFrequenciesByCountryBand(OHOS::Wifi::BandType, std::__h::vector<int, std::__h::allocator<int>>&, int)";
          "OHOS::Wifi::WifiSettings::SetScanOnlySwitchState(int const&, int)";
          "OHOS::Wifi::WifiSettings::GetScanOnlySwitchState(int)";
          "OHOS::Wifi::WifiSettings::EncryptionDeviceConfig(OHOS::Wifi::WifiDeviceConfig&) const";
          "OHOS::Wifi::WifiSettings::GetConfigValueByName(std::__h::basic_string<char, std::__h::char_traits<char>, std::__h::allocator<char>> const&, std::__h::basic_string<char, std::__h::char_traits<char>, std::__h::allocator<char>>&)";
          "OHOS::Wifi::WifiSettings::UpdateWifiConfigFromCloud(const std::vector<OHOS::Wifi::WifiDeviceConfig> &, const std::set<int> &)";
          "OHOS::Wifi::WifiSettings::UpLoadLocalDeviceConfigToCloud()";
          "OHOS::Wifi::WifiSettings::SetUserConnectChoice(int)";
          "OHOS::Wifi::WifiSettings::ClearAllNetworkConnectChoice()";
          "OHOS::Wifi::WifiSettings::ClearNetworkConnectChoice(int)";
          "OHOS::Wifi::WifiSettings::RemoveConnectChoiceFromAllNetwork(int)";
          "OHOS::Wifi::WifiSettings::SetNetworkConnectChoice(int, int, int)";
          "OHOS::Wifi::WifiSettings::ClearNetworkCandidateScanResult(int)";
          "OHOS::Wifi::WifiSettings::SetNetworkCandidateScanResult(int)";
          "OHOS::Wifi::DhcpdInterface::DhcpdInterface()";
          "OHOS::Wifi::DhcpdInterface::~DhcpdInterface()";
          "OHOS::Wifi::DhcpdInterface::RegisterDhcpCallBack(std::__h::basic_string<char, std::__h::char_traits<char>, std::__h::allocator<char>> const&, ServerCallBack&)";
          "OHOS::Wifi::DhcpdInterface::StartDhcpServerFromInterface(const std::string&, Ipv4Address&, Ipv6Address&, const std::string&, bool, const int32_t&)";
          "OHOS::Wifi::DhcpdInterface::StopDhcp(std::__h::basic_string<char, std::__h::char_traits<char>, std::__h::allocator<char>> const&)";
          "OHOS::Wifi::DhcpdInterface::GetConnectedStationInfo(std::__h::basic_string<char, std::__h::char_traits<char>, std::__h::allocator<char>> const&, std::__h::map<std::__h::basic_string<char, std::__h::char_traits<char>, std::__h::allocator<char>>, OHOS::Wifi::StationInfo, std::__h::less<std::__h::basic_string<char, std::__h::char_traits<char>, std::__h::allocator<char>>>, std::__h::allocator<std::__h::pair<std::__h::basic_string<char, std::__h::char_traits<char>, std::__h::allocator<char>> const, OHOS::Wifi::StationInfo>>>&)";
          "OHOS::Wifi::IfConfig::IfConfig()";
          "OHOS::Wifi::IfConfig::~IfConfig()";
          "OHOS::Wifi::IfConfig::GetInstance()";
          "OHOS::Wifi::IfConfig::FlushIpAddr(std::__h::basic_string<char, std::__h::char_traits<char>, std::__h::allocator<char>> const&, int const&)";
          "OHOS::Wifi::IfConfig::AddIpAddr(std::__h::basic_string<char, std::__h::char_traits<char>, std::__h::allocator<char>> const&, std::__h::basic_string<char, std::__h::char_traits<char>, std::__h::allocator<char>> const&, std::__h::basic_string<char, std::__h::char_traits<char>, std::__h::allocator<char>> const&, int const&)";
          "OHOS::Wifi::IfConfig::SetProxy(bool, const std::string &, const std::string &, const std::string &, const std::string &)";
          "OHOS::Wifi::IfConfig::ExecCommand(const std::vector<std::string> &)";
          "OHOS::Wifi::IfConfig::GetIpAddr(const std::string&, std::string&)";
          "OHOS::Wifi::IfConfig::SetIfDnsAndRoute(const DhcpResult*, int, int);";
          "OHOS::Wifi::IfConfig::SetNetDns(const std::string &, const std::string &, const std::string &)";
          "OHOS::Wifi::IfConfig::AddIfRoute(const std::string &, const std::string &, const std::string &,
          const std::string&, const int &)()";
          "OHOS::Wifi::NetworkXmlParser::GetNetworks()";
          "OHOS::Wifi::IfConfig::AddIpv4Route(
          const std::string&, const std::string&, const std::string&, const std::string&)";
          "OHOS::Wifi::IfConfig::AddIpv6Route(
          const std::string&, const std::string&, const std::string&, const std::string&)";
          "OHOS::Wifi::SplitString(std::__h::basic_string<char, std::__h::char_traits<char>, std::__h::allocator<char>> const&, std::__h::basic_string<char, std::__h::char_traits<char>, std::__h::allocator<char>> const&, std::__h::vector<std::__h::basic_string<char, std::__h::char_traits<char>, std::__h::allocator<char>>, std::__h::allocator<std::__h::basic_string<char, std::__h::char_traits<char>, std::__h::allocator<char>>>>&)";
          "OHOS::Wifi::CheckMacIsValid(std::__h::basic_string<char, std::__h::char_traits<char>, std::__h::allocator<char>> const&)";
          "OHOS::Wifi::WifiCodeConvertUtil::GbkToUtf8(std::__h::basic_string<char, std::__h::char_traits<char>, std::__h::allocator<char>> const&)";
          "OHOS::Wifi::GetParamValue(char const*, char const*, char*, unsigned int)";
          "OHOS::Wifi::ConvertStringToInt(std::__h::basic_string<char, std::__h::char_traits<char>, std::__h::allocator<char>>)";
          "OHOS::Wifi::IsValidCountryCode(std::__h::basic_string<char, std::__h::char_traits<char>, std::__h::allocator<char>> const&)";
          "OHOS::Wifi::StrToUpper(std::__h::basic_string<char, std::__h::char_traits<char>, std::__h::allocator<char>>&)";
          "OHOS::Wifi::SetParamValue(char const*, char const*)";
          "OHOS::Wifi::WifiConfigCenter::GetLinkedInfo(OHOS::Wifi::WifiLinkedInfo&, int)";
          "OHOS::Wifi::ConvertMncToIso(int, std::__h::basic_string<char, std::__h::char_traits<char>, std::__h::allocator<char>>&)";
          "OHOS::Wifi::WifiCommonEventHelper::PublishScanStateChangedEvent(int const&, std::__h::basic_string<char, std::__h::char_traits<char>, std::__h::allocator<char>> const&)";
          "OHOS::Wifi::WifiCommonEventHelper::PublishWifiSemiStateChangedEvent(int const&, std::__h::basic_string<char, std::__h::char_traits<char>, std::__h::allocator<char>> const&)";
          "OHOS::Wifi::WifiCommonEventHelper::PublishPowerStateChangeEvent(int const&, std::__h::basic_string<char, std::__h::char_traits<char>, std::__h::allocator<char>> const&)";
          "OHOS::Wifi::WifiCommonEventHelper::PublishWifi2PowerStateChangeEvent(int const&, std::__h::basic_string<char, std::__h::char_traits<char>, std::__h::allocator<char>> const&)";
          "OHOS::Wifi::WifiCommonEventHelper::PublishConnStateChangedEvent(int const&, std::__h::basic_string<char, std::__h::char_traits<char>, std::__h::allocator<char>> const&)";
          "OHOS::Wifi::WifiCommonEventHelper::PublishWifi2ConnStateChangedEvent(int const&, std::__h::basic_string<char, std::__h::char_traits<char>, std::__h::allocator<char>> const&)";
          "OHOS::Wifi::WifiSettings::GetSignalLevel(int const&, int const&, int)";
          "OHOS::Wifi::WifiCommonEventHelper::PublishScanFinishedEvent(int const&, std::__h::basic_string<char, std::__h::char_traits<char>, std::__h::allocator<char>> const&)";
          "OHOS::Wifi::WifiCommonEventHelper::PublishRssiValueChangedEvent(std::__h::basic_string<char, std::__h::char_traits<char>, std::__h::allocator<char>> const&, int, int const&, std::__h::basic_string<char, std::__h::char_traits<char>, std::__h::allocator<char>> const&)";
          "OHOS::Wifi::IpTools::GetExclusionObjectList(std::__h::basic_string<char, std::__h::char_traits<char>, std::__h::allocator<char>> const&, std::__h::vector<std::__h::basic_string<char, std::__h::char_traits<char>, std::__h::allocator<char>>, std::__h::allocator<std::__h::basic_string<char, std::__h::char_traits<char>, std::__h::allocator<char>>>>&)";
          "OHOS::Wifi::IpTools::ConvertIpv4Address(unsigned int)";
          "OHOS::Wifi::IpTools::GetMaskLength(std::__h::basic_string<char, std::__h::char_traits<char>, std::__h::allocator<char>>)";
          "OHOS::Wifi::IpTools::GetIPV6MaskLength(std::__h::basic_string<char, std::__h::char_traits<char>, std::__h::allocator<char>>)";
          "OHOS::Wifi::Ipv6Address::GetPrefixByAddr(std::__h::basic_string<char, std::__h::char_traits<char>, std::__h::allocator<char>> const&, unsigned int)";
          "OHOS::Wifi::IpTools::ConvertIpv4Address(std::__h::basic_string<char, std::__h::char_traits<char>, std::__h::allocator<char>> const&)";
          "OHOS::Wifi::IpTools::ConvertIpv4Mask(int)";
          "OHOS::Wifi::SplitStringToIntVector(std::__h::basic_string<char, std::__h::char_traits<char>, std::__h::allocator<char>> const&, std::__h::basic_string<char, std::__h::char_traits<char>, std::__h::allocator<char>> const&)";
          "OHOS::Wifi::GetRandomInt(int, int)";
          "OHOS::Wifi::TransformFrequencyIntoChannel(int)";
          "OHOS::Wifi::IsChannelDbac(int, int)";
          "OHOS::Wifi::TransformChannelToBand(int)";
          "OHOS::Wifi::TransformFrequencyIntoChannel(std::__h::vector<int, std::__h::allocator<int>> const&, std::__h::vector<int, std::__h::allocator<int>>&)";
          "OHOS::Wifi::WifiRandomMacHelper::GenerateRandomMacAddress(std::__h::basic_string<char, std::__h::char_traits<char>, std::__h::allocator<char>>&)";
          "OHOS::Wifi::MacAddress::IsValidMac(std::__h::basic_string<char, std::__h::char_traits<char>, std::__h::allocator<char>> const&)";
          "vtable for OHOS::Wifi::BaseAddress";
          "OHOS::Wifi::Ipv4Address::invalidInetAddress";
          "vtable for OHOS::Wifi::Ipv4Address";
          "OHOS::Wifi::Ipv6Address::INVALID_INET6_ADDRESS";
          "vtable for OHOS::Wifi::Ipv6Address";
          "OHOS::Wifi::DhcpdInterface::StartDhcpServerFromInterface(std::__h::basic_string<char, std::__h::char_traits<char>, std::__h::allocator<char>> const&, OHOS::Wifi::Ipv4Address&, OHOS::Wifi::Ipv6Address&, std::__h::basic_string<char, std::__h::char_traits<char>, std::__h::allocator<char>> const&, bool, int const&)";
          "OHOS::Wifi::BaseAddress::~BaseAddress()";
          "OHOS::Wifi::WifiSettings::GetP2pVendorConfig(OHOS::Wifi::P2pVendorConfig&)";
          "OHOS::Wifi::WifiSettings::SetP2pVendorConfig(OHOS::Wifi::P2pVendorConfig const&)";
          "OHOS::Wifi::WifiSettings::SetWifiP2pGroupInfo(std::__h::vector<OHOS::Wifi::WifiP2pGroupInfo, std::__h::allocator<OHOS::Wifi::WifiP2pGroupInfo>> const&)";
          "OHOS::Wifi::GetRandomStr(int)";
          "OHOS::Wifi::Ipv4Address::defaultInetAddress";
          "OHOS::Wifi::MacAddress::GetMacAddr(std::__h::basic_string<char, std::__h::char_traits<char>, std::__h::allocator<char>> const&, unsigned char*)";
          "OHOS::Wifi::ArpChecker::Start(std::__h::basic_string<char, std::__h::char_traits<char>, std::__h::allocator<char>>&, std::__h::basic_string<char, std::__h::char_traits<char>, std::__h::allocator<char>>&, std::__h::basic_string<char, std::__h::char_traits<char>, std::__h::allocator<char>>&, std::__h::basic_string<char, std::__h::char_traits<char>, std::__h::allocator<char>>&)";
          "OHOS::Wifi::ArpChecker::DoArpCheck(int, bool)";
          "OHOS::Wifi::ArpChecker::DoArpCheck(int, bool, unsigned long long&)";
          "OHOS::Wifi::WifiConfigCenter::StoreWifiMacAddrPairInfo(OHOS::Wifi::WifiMacAddrInfoType, std::__h::basic_string<char, std::__h::char_traits<char>, std::__h::allocator<char>> const&, std::__h::basic_string<char, std::__h::char_traits<char>, std::__h::allocator<char>> const&)";
          "OHOS::Wifi::WifiSettings::GetWifiP2pGroupInfo(std::__h::vector<OHOS::Wifi::WifiP2pGroupInfo, std::__h::allocator<OHOS::Wifi::WifiP2pGroupInfo>>&)";
          "OHOS::Wifi::WifiConfigCenter::GetRandomMacAddr(OHOS::Wifi::WifiMacAddrInfoType, std::__h::basic_string<char, std::__h::char_traits<char>, std::__h::allocator<char>>)";
          "OHOS::Wifi::WifiConfigCenter::SetCurrentP2pGroupInfo(OHOS::Wifi::WifiP2pGroupInfo const&)"; 
          "OHOS::Wifi::WifiCertUtils::InstallCert(std::__h::vector<unsigned char, std::__h::allocator<unsigned char>> const&, std::__h::basic_string<char, std::__h::char_traits<char>, std::__h::allocator<char>> const&, std::__h::basic_string<char, std::__h::char_traits<char>, std::__h::allocator<char>>&, std::__h::basic_string<char, std::__h::char_traits<char>, std::__h::allocator<char>>&)";
          "OHOS::Wifi::WifiConfigCenter::SetMacAddress(std::__h::basic_string<char, std::__h::char_traits<char>, std::__h::allocator<char>> const&, int)";
          "OHOS::Wifi::WifiSettings::GetRealMacAddress(std::__h::basic_string<char, std::__h::char_traits<char>, std::__h::allocator<char>>&, int)";
          "OHOS::Wifi::WifiConfigCenter::GetMacAddress(std::__h::basic_string<char, std::__h::char_traits<char>, std::__h::allocator<char>>&, int)";
          "OHOS::Wifi::IsPskEncryption(std::__h::basic_string<char, std::__h::char_traits<char>, std::__h::allocator<char>> const&)";
          "OHOS::Wifi::WifiRandomMacHelper::CalculateRandomMacForWifiDeviceConfig(std::__h::basic_string<char, std::__h::char_traits<char>, std::__h::allocator<char>> const&, std::__h::basic_string<char, std::__h::char_traits<char>, std::__h::allocator<char>>&)";
          "OHOS::Wifi::WifiRandomMacHelper::GetWifi2RandomMac(std::__h::basic_string<char, std::__h::char_traits<char>, std::__h::allocator<char>>&)";
          "OHOS::Wifi::ArpChecker::DoArpCheck(int, bool, unsigned long&)";
          "OHOS::Wifi::IpTools::ConvertIpv6Address(std::__h::vector<unsigned char, std::__h::allocator<unsigned char>> const&)";
          "OHOS::Wifi::IpTools::ConvertIpv6Mask(int)";
          "OHOS::Wifi::WifiSettings::SetRealMacAddress(std::__h::basic_string<char, std::__h::char_traits<char>, std::__h::allocator<char>> const&, int)";
          "OHOS::Wifi::WifiCommonEventHelper::PublishApStaJoinEvent(int const&, std::__h::basic_string<char, std::__h::char_traits<char>, std::__h::allocator<char>> const&)";
          "OHOS::Wifi::WifiCommonEventHelper::PublishApStaLeaveEvent(int const&, std::__h::basic_string<char, std::__h::char_traits<char>, std::__h::allocator<char>> const&)";
          "OHOS::Wifi::WifiCommonEventHelper::PublishHotspotStateChangedEvent(int const&, std::__h::basic_string<char, std::__h::char_traits<char>, std::__h::allocator<char>> const&)";
          "OHOS::Wifi::WifiAssetManager::GetStaCallback() const";
          "OHOS::Wifi::IsFactoryMode()";
          "OHOS::Wifi::WifiConfigCenter::SetSystemMode(int)";
          "OHOS::Wifi::WifiConfigCenter::GetSystemMode()";
          "OHOS::Wifi::GetDeviceType()";
          "OHOS::Wifi::WifiConfigCenter::SetDeviceType(int)";
          "OHOS::Wifi::WifiConfigCenter::IsAllowPopUp()";
          "OHOS::Wifi::WifiCommonEventHelper::PublishWiTasRssiValueChangedEvent(int const&, std::__h::basic_string<char, std::__h::char_traits<char>, std::__h::allocator<char>> const&)";
          "OHOS::Wifi::WifiAssetManager::InitUpLoadLocalDeviceSync()";
          "OHOS::Wifi::WatchParamValue(char const*, void (*)(char const*, char const*, void*), void*)";
          "OHOS::Wifi::WifiAssetManager::CloudAssetSync()";
          "OHOS::Wifi::WifiCommonEventHelper::PublishP2pGroupStateChangedEvent(int const&, std::__h::basic_string<char, std::__h::char_traits<char>, std::__h::allocator<char>> const&)";
          "OHOS::Wifi::WifiCommonEventHelper::PublishP2pCurrentDeviceStateChangedEvent(int const&, std::__h::basic_string<char, std::__h::char_traits<char>, std::__h::allocator<char>> const&)";
          "OHOS::Wifi::WifiCommonEventHelper::PublishP2pConnStateEvent(int const&, std::__h::basic_string<char, std::__h::char_traits<char>, std::__h::allocator<char>> const&)";
          "OHOS::Wifi::WifiCommonEventHelper::PublishP2pPeersStateChangedEvent(int const&, std::__h::basic_string<char, std::__h::char_traits<char>, std::__h::allocator<char>> const&)";
          "OHOS::Wifi::WifiCommonEventHelper::PublishP2pStateChangedEvent(int const&, std::__h::basic_string<char, std::__h::char_traits<char>, std::__h::allocator<char>> const&)";
          "OHOS::Wifi::WifiConfigCenter::SetP2pIfaceName(std::__h::basic_string<char, std::__h::char_traits<char>, std::__h::allocator<char>> const&)";
          "OHOS::Wifi::IsAllowScanAnyTime(OHOS::Wifi::tagScanControlInfo const&)";
          "OHOS::Wifi::ConvertConnStateInternal(OHOS::Wifi::OperateResState, bool&)";
          "OHOS::Wifi::IsStartUpWifiEnableSupport()";
          "OHOS::Wifi::ArpChecker::GetGwMacAddrList(int, bool, std::__h::vector<std::__h::basic_string<char, std::__h::char_traits<char>, std::__h::allocator<char>>, std::__h::allocator<std::__h::basic_string<char, std::__h::char_traits<char>, std::__h::allocator<char>>>>&)";
          "OHOS::Wifi::WifiCommonEventHelper::PublishSelfcureStateChangedEvent(int const&, int const&, bool)";
          "OHOS::Wifi::WifiCommonEventHelper::PublishVoWifiSignalDetectInterruptEvent(int const&, std::__h::basic_string<char, std::__h::char_traits<char>, std::__h::allocator<char>> const&)";
          "OHOS::Wifi::WifiCommonEventHelper::PublishNotAvailableDialog()";
          "OHOS::Wifi::WifiSettings::SetP2pDeviceName(std::__h::basic_string<char, std::__h::char_traits<char>, std::__h::allocator<char>> const&)";
          "OHOS::Wifi::WifiConfigCenter::SetP2pBusinessType(OHOS::Wifi::P2pBusinessType const&)";
          "OHOS::Wifi::HexStringToVec(std::__h::basic_string<char, std::__h::char_traits<char>, std::__h::allocator<char>> const&, std::__h::vector<char, std::__h::allocator<char>>&)";
          "OHOS::Wifi::WifiSettings::GetCandidateConfigWithoutUid(std::__h::basic_string<char, std::__h::char_traits<char>, std::__h::allocator<char>> const&, std::__h::basic_string<char, std::__h::char_traits<char>, std::__h::allocator<char>> const&, OHOS::Wifi::WifiDeviceConfig&)"; 
          "OHOS::Wifi::WifiCodeConvertUtil::Utf8ToGbk(std::__h::basic_string<char, std::__h::char_traits<char>, std::__h::allocator<char>> const&)";
          "vtable for OHOS::Wifi::NetworkXmlParser";
   };
    local:
        *;
};